
 Start         Length     Name                   Class
 0001:00000000 00054DC0H .text                   CODE
 0002:00000000 000011FCH .data                   DATA
 0002:000011FC 00000C1DH .bss                    BSS


Detailed map of segments

 0001:00000000 00004B9B C=CODE     S=.text    G=(none)   M=System   ACBP=A9
 0001:00004B9C 00000140 C=CODE     S=.text    G=(none)   M=SysInit  ACBP=A9
 0001:00004CDC 00000078 C=CODE     S=.text    G=(none)   M=Types    ACBP=A9
 0001:00004D54 00000CCC C=CODE     S=.text    G=(none)   M=Windows  ACBP=A9
 0001:00005A20 00000038 C=CODE     S=.text    G=(none)   M=Messages ACBP=A9
 0001:00005A58 00000310 C=CODE     S=.text    G=(none)   M=SysConst ACBP=A9
 0001:00005D68 00006604 C=CODE     S=.text    G=(none)   M=SysUtils ACBP=A9
 0001:0000C36C 000007FB C=CODE     S=.text    G=(none)   M=VarUtils ACBP=A9
 0001:0000CB68 00002A42 C=CODE     S=.text    G=(none)   M=Variants ACBP=A9
 0001:0000F5AC 00000120 C=CODE     S=.text    G=(none)   M=RTLConsts ACBP=A9
 0001:0000F6CC 000007E8 C=CODE     S=.text    G=(none)   M=TypInfo  ACBP=A9
 0001:0000FEB4 00000038 C=CODE     S=.text    G=(none)   M=ActiveX  ACBP=A9
 0001:0000FEEC 0000978A C=CODE     S=.text    G=(none)   M=Classes  ACBP=A9
 0001:00019678 000002D8 C=CODE     S=.text    G=(none)   M=Consts   ACBP=A9
 0001:00019950 00008CE3 C=CODE     S=.text    G=(none)   M=Graphics ACBP=A9
 0001:00022634 00000048 C=CODE     S=.text    G=(none)   M=Math     ACBP=A9
 0001:0002267C 000002B8 C=CODE     S=.text    G=(none)   M=Contnrs  ACBP=A9
 0001:00022934 000000F4 C=CODE     S=.text    G=(none)   M=CommCtrl ACBP=A9
 0001:00022A28 00000787 C=CODE     S=.text    G=(none)   M=MultiMon ACBP=A9
 0001:000231B0 00000038 C=CODE     S=.text    G=(none)   M=Imm      ACBP=A9
 0001:000231E8 00000FF8 C=CODE     S=.text    G=(none)   M=HelpIntfs ACBP=A9
 0001:000241E0 00000038 C=CODE     S=.text    G=(none)   M=WinSpool ACBP=A9
 0001:00024218 00000044 C=CODE     S=.text    G=(none)   M=Printers ACBP=A9
 0001:0002425C 0000031F C=CODE     S=.text    G=(none)   M=FlatSB   ACBP=A9
 0001:0002457C 000001A4 C=CODE     S=.text    G=(none)   M=SyncObjs ACBP=A9
 0001:00024720 000009BB C=CODE     S=.text    G=(none)   M=UxTheme  ACBP=A9
 0001:000250DC 00000038 C=CODE     S=.text    G=(none)   M=RichEdit ACBP=A9
 0001:00025114 00000038 C=CODE     S=.text    G=(none)   M=ToolWin  ACBP=A9
 0001:0002514C 00000038 C=CODE     S=.text    G=(none)   M=ShellAPI ACBP=A9
 0001:00025184 00000038 C=CODE     S=.text    G=(none)   M=RegStr   ACBP=A9
 0001:000251BC 00000038 C=CODE     S=.text    G=(none)   M=WinInet  ACBP=A9
 0001:000251F4 00000038 C=CODE     S=.text    G=(none)   M=UrlMon   ACBP=A9
 0001:0002522C 00000038 C=CODE     S=.text    G=(none)   M=ShlObj   ACBP=A9
 0001:00025264 00000038 C=CODE     S=.text    G=(none)   M=CommDlg  ACBP=A9
 0001:0002529C 00000038 C=CODE     S=.text    G=(none)   M=Dlgs     ACBP=A9
 0001:000252D4 0000130D C=CODE     S=.text    G=(none)   M=Dialogs  ACBP=A9
 0001:000265E4 000011AA C=CODE     S=.text    G=(none)   M=ExtCtrls ACBP=A9
 0001:00027790 00000038 C=CODE     S=.text    G=(none)   M=ComStrs  ACBP=A9
 0001:000277C8 00000094 C=CODE     S=.text    G=(none)   M=Clipbrd  ACBP=A9
 0001:0002785C 00000038 C=CODE     S=.text    G=(none)   M=StrUtils ACBP=A9
 0001:00027894 000000F5 C=CODE     S=.text    G=(none)   M=Buttons  ACBP=A9
 0001:0002798C 00000038 C=CODE     S=.text    G=(none)   M=ExtDlgs  ACBP=A9
 0001:000279C4 00000068 C=CODE     S=.text    G=(none)   M=IniFiles ACBP=A9
 0001:00027A2C 00000068 C=CODE     S=.text    G=(none)   M=Registry ACBP=A9
 0001:00027A94 0000006C C=CODE     S=.text    G=(none)   M=Mapi     ACBP=A9
 0001:00027B00 00000058 C=CODE     S=.text    G=(none)   M=ExtActns ACBP=A9
 0001:00027B58 00000038 C=CODE     S=.text    G=(none)   M=ListActns ACBP=A9
 0001:00027B90 00000180 C=CODE     S=.text    G=(none)   M=ComCtrls ACBP=A9
 0001:00027D10 00000A0C C=CODE     S=.text    G=(none)   M=Themes   ACBP=A9
 0001:0002871C 00004A58 C=CODE     S=.text    G=(none)   M=StdCtrls ACBP=A9
 0001:0002D174 00000168 C=CODE     S=.text    G=(none)   M=StdActns ACBP=A9
 0001:0002D2DC 00000D1F C=CODE     S=.text    G=(none)   M=WinHelpViewer ACBP=A9
 0001:0002DFFC 00010E7B C=CODE     S=.text    G=(none)   M=Controls ACBP=A9
 0001:0003EE78 00001292 C=CODE     S=.text    G=(none)   M=ActnList ACBP=A9
 0001:0004010C 000016E4 C=CODE     S=.text    G=(none)   M=ImgList  ACBP=A9
 0001:000417F0 00006639 C=CODE     S=.text    G=(none)   M=Menus    ACBP=A9
 0001:00047E2C 0000C408 C=CODE     S=.text    G=(none)   M=Forms    ACBP=A9
 0001:00054234 00000040 C=CODE     S=.text    G=(none)   M=ImageHlp ACBP=A9
 0001:00054274 00000038 C=CODE     S=.text    G=(none)   M=JwaWinDLLNames ACBP=A9
 0001:000542AC 00000038 C=CODE     S=.text    G=(none)   M=JwaWinNT ACBP=A9
 0001:000542E4 00000038 C=CODE     S=.text    G=(none)   M=JwaWinType ACBP=A9
 0001:0005431C 00000050 C=CODE     S=.text    G=(none)   M=JwaTlHelp32 ACBP=A9
 0001:0005436C 000007DC C=CODE     S=.text    G=(none)   M=ufrmMain ACBP=A9
 0001:00054B48 00000275 C=CODE     S=.text    G=(none)   M=Project1 ACBP=A9
 0002:00000000 0000009C C=DATA     S=.data    G=DGROUP   M=System   ACBP=A9
 0002:0000009C 00000020 C=DATA     S=.data    G=DGROUP   M=SysInit  ACBP=A9
 0002:000000BC 00000254 C=DATA     S=.data    G=DGROUP   M=SysUtils ACBP=A9
 0002:00000310 00000008 C=DATA     S=.data    G=DGROUP   M=VarUtils ACBP=A9
 0002:00000318 0000008E C=DATA     S=.data    G=DGROUP   M=Variants ACBP=A9
 0002:000003A8 0000000C C=DATA     S=.data    G=DGROUP   M=TypInfo  ACBP=A9
 0002:000003B4 00000064 C=DATA     S=.data    G=DGROUP   M=Classes  ACBP=A9
 0002:00000418 00000304 C=DATA     S=.data    G=DGROUP   M=Graphics ACBP=A9
 0002:0000071C 00000004 C=DATA     S=.data    G=DGROUP   M=Printers ACBP=A9
 0002:00000720 000000B4 C=DATA     S=.data    G=DGROUP   M=Dialogs  ACBP=A9
 0002:000007D4 00000178 C=DATA     S=.data    G=DGROUP   M=ExtCtrls ACBP=A9
 0002:0000094C 0000002C C=DATA     S=.data    G=DGROUP   M=Buttons  ACBP=A9
 0002:00000978 00000008 C=DATA     S=.data    G=DGROUP   M=IniFiles ACBP=A9
 0002:00000980 00000008 C=DATA     S=.data    G=DGROUP   M=Registry ACBP=A9
 0002:00000988 00000008 C=DATA     S=.data    G=DGROUP   M=Mapi     ACBP=A9
 0002:00000990 00000018 C=DATA     S=.data    G=DGROUP   M=ComCtrls ACBP=A9
 0002:000009A8 00000068 C=DATA     S=.data    G=DGROUP   M=Themes   ACBP=A9
 0002:00000A10 00000074 C=DATA     S=.data    G=DGROUP   M=StdCtrls ACBP=A9
 0002:00000A84 0000013C C=DATA     S=.data    G=DGROUP   M=Controls ACBP=A9
 0002:00000BC0 00000020 C=DATA     S=.data    G=DGROUP   M=ImgList  ACBP=A9
 0002:00000BE0 000000EC C=DATA     S=.data    G=DGROUP   M=Menus    ACBP=A9
 0002:00000CCC 0000011C C=DATA     S=.data    G=DGROUP   M=Forms    ACBP=A9
 0002:00002000 00000660 C=BSS      S=.bss     G=DGROUP   M=System   ACBP=A9
 0002:00002660 00000010 C=BSS      S=.bss     G=DGROUP   M=SysInit  ACBP=A9
 0002:00002670 00000004 C=BSS      S=.bss     G=DGROUP   M=Types    ACBP=A9
 0002:00002674 00000004 C=BSS      S=.bss     G=DGROUP   M=Windows  ACBP=A9
 0002:00002678 00000004 C=BSS      S=.bss     G=DGROUP   M=Messages ACBP=A9
 0002:0000267C 00000004 C=BSS      S=.bss     G=DGROUP   M=SysConst ACBP=A9
 0002:00002680 00000120 C=BSS      S=.bss     G=DGROUP   M=SysUtils ACBP=A9
 0002:000027A0 0000005C C=BSS      S=.bss     G=DGROUP   M=VarUtils ACBP=A9
 0002:000027FC 00000040 C=BSS      S=.bss     G=DGROUP   M=Variants ACBP=A9
 0002:0000283C 00000004 C=BSS      S=.bss     G=DGROUP   M=RTLConsts ACBP=A9
 0002:00002840 00000004 C=BSS      S=.bss     G=DGROUP   M=TypInfo  ACBP=A9
 0002:00002844 00000004 C=BSS      S=.bss     G=DGROUP   M=ActiveX  ACBP=A9
 0002:00002848 00000040 C=BSS      S=.bss     G=DGROUP   M=Classes  ACBP=A9
 0002:00002888 00000004 C=BSS      S=.bss     G=DGROUP   M=Consts   ACBP=A9
 0002:0000288C 00000060 C=BSS      S=.bss     G=DGROUP   M=Graphics ACBP=A9
 0002:000028EC 00000004 C=BSS      S=.bss     G=DGROUP   M=Math     ACBP=A9
 0002:000028F0 00000004 C=BSS      S=.bss     G=DGROUP   M=Contnrs  ACBP=A9
 0002:000028F4 00000004 C=BSS      S=.bss     G=DGROUP   M=CommCtrl ACBP=A9
 0002:000028F8 00000031 C=BSS      S=.bss     G=DGROUP   M=MultiMon ACBP=A9
 0002:0000292C 00000004 C=BSS      S=.bss     G=DGROUP   M=Imm      ACBP=A9
 0002:00002930 00000008 C=BSS      S=.bss     G=DGROUP   M=HelpIntfs ACBP=A9
 0002:00002938 00000004 C=BSS      S=.bss     G=DGROUP   M=WinSpool ACBP=A9
 0002:0000293C 00000004 C=BSS      S=.bss     G=DGROUP   M=Printers ACBP=A9
 0002:00002940 00000034 C=BSS      S=.bss     G=DGROUP   M=FlatSB   ACBP=A9
 0002:00002974 00000004 C=BSS      S=.bss     G=DGROUP   M=SyncObjs ACBP=A9
 0002:00002978 000000CC C=BSS      S=.bss     G=DGROUP   M=UxTheme  ACBP=A9
 0002:00002A44 00000004 C=BSS      S=.bss     G=DGROUP   M=RichEdit ACBP=A9
 0002:00002A48 00000004 C=BSS      S=.bss     G=DGROUP   M=ToolWin  ACBP=A9
 0002:00002A4C 00000004 C=BSS      S=.bss     G=DGROUP   M=ShellAPI ACBP=A9
 0002:00002A50 00000004 C=BSS      S=.bss     G=DGROUP   M=RegStr   ACBP=A9
 0002:00002A54 00000004 C=BSS      S=.bss     G=DGROUP   M=WinInet  ACBP=A9
 0002:00002A58 00000004 C=BSS      S=.bss     G=DGROUP   M=UrlMon   ACBP=A9
 0002:00002A5C 00000004 C=BSS      S=.bss     G=DGROUP   M=ShlObj   ACBP=A9
 0002:00002A60 00000004 C=BSS      S=.bss     G=DGROUP   M=CommDlg  ACBP=A9
 0002:00002A64 00000004 C=BSS      S=.bss     G=DGROUP   M=Dlgs     ACBP=A9
 0002:00002A68 00000038 C=BSS      S=.bss     G=DGROUP   M=Dialogs  ACBP=A9
 0002:00002AA0 00000004 C=BSS      S=.bss     G=DGROUP   M=ExtCtrls ACBP=A9
 0002:00002AA4 00000004 C=BSS      S=.bss     G=DGROUP   M=ComStrs  ACBP=A9
 0002:00002AA8 0000000C C=BSS      S=.bss     G=DGROUP   M=Clipbrd  ACBP=A9
 0002:00002AB4 00000004 C=BSS      S=.bss     G=DGROUP   M=StrUtils ACBP=A9
 0002:00002AB8 00000030 C=BSS      S=.bss     G=DGROUP   M=Buttons  ACBP=A9
 0002:00002AE8 00000004 C=BSS      S=.bss     G=DGROUP   M=ExtDlgs  ACBP=A9
 0002:00002AEC 00000004 C=BSS      S=.bss     G=DGROUP   M=IniFiles ACBP=A9
 0002:00002AF0 00000004 C=BSS      S=.bss     G=DGROUP   M=Registry ACBP=A9
 0002:00002AF4 00000004 C=BSS      S=.bss     G=DGROUP   M=Mapi     ACBP=A9
 0002:00002AF8 00000009 C=BSS      S=.bss     G=DGROUP   M=ExtActns ACBP=A9
 0002:00002B04 00000004 C=BSS      S=.bss     G=DGROUP   M=ListActns ACBP=A9
 0002:00002B08 00000010 C=BSS      S=.bss     G=DGROUP   M=ComCtrls ACBP=A9
 0002:00002B18 00000008 C=BSS      S=.bss     G=DGROUP   M=Themes   ACBP=A9
 0002:00002B20 00000004 C=BSS      S=.bss     G=DGROUP   M=StdCtrls ACBP=A9
 0002:00002B24 00000004 C=BSS      S=.bss     G=DGROUP   M=StdActns ACBP=A9
 0002:00002B28 00000014 C=BSS      S=.bss     G=DGROUP   M=WinHelpViewer ACBP=A9
 0002:00002B3C 00000080 C=BSS      S=.bss     G=DGROUP   M=Controls ACBP=A9
 0002:00002BBC 00000004 C=BSS      S=.bss     G=DGROUP   M=ActnList ACBP=A9
 0002:00002BC0 0000000C C=BSS      S=.bss     G=DGROUP   M=ImgList  ACBP=A9
 0002:00002BCC 00000010 C=BSS      S=.bss     G=DGROUP   M=Menus    ACBP=A9
 0002:00002BDC 00000020 C=BSS      S=.bss     G=DGROUP   M=Forms    ACBP=A9
 0002:00002BFC 00000004 C=BSS      S=.bss     G=DGROUP   M=ImageHlp ACBP=A9
 0002:00002C00 00000004 C=BSS      S=.bss     G=DGROUP   M=JwaWinDLLNames ACBP=A9
 0002:00002C04 00000004 C=BSS      S=.bss     G=DGROUP   M=JwaWinNT ACBP=A9
 0002:00002C08 00000004 C=BSS      S=.bss     G=DGROUP   M=JwaWinType ACBP=A9
 0002:00002C0C 00000004 C=BSS      S=.bss     G=DGROUP   M=JwaTlHelp32 ACBP=A9
 0002:00002C10 0000000C C=BSS      S=.bss     G=DGROUP   M=ufrmMain ACBP=A9


  Address         Publics by Name

 0002:00002A54       .1
 0002:00002A50       .1
 0002:00002A58       .1
 0002:00002C0C       .1
 0002:00002A4C       .1
 0002:00002A44       .1
 0002:00002C00       .1
 0002:00002BFC       .1
 0002:00002A34       .1
 0002:00002A5C       .1
 0002:0000283C       .1
 0002:00002678       .1
 0002:0000267C       .1
 0002:00002A60       .1
 0002:00002A64       .1
 0002:00002AA4       .1
 0002:00002AB4       .1
 0002:00002B30       .1
 0002:00002AF4       .1
 0002:00002960       .1
 0002:0000292C       .1
 0002:00002888       .1
 0002:00002918       .1
 0002:000028F4       .1
 0002:00002668       .1
 0002:00002670       .1
 0002:00002A68       .11
 0002:00002AA0       .12
 0002:00002890       .12
 0002:00002930       .2
 0002:000028EC       .2
 0002:00002AAC       .2
 0002:00002B18       .2
 0002:00002C18       .2
 0002:000028F0       .21
 0002:00002674       .3
 0002:00002BC0       .3
 0002:00002AE8       .3
 0002:00002844       .3
 0002:00002938       .3
 0002:0000293C       .3
 0002:00002790       .35
 0002:00002B08       .36
 0002:00002C08       .4
 0002:00002A48       .4
 0002:00002AB8       .4
 0002:00002BE4       .41
 0002:00002B20       .42
 0002:00002854       .45
 0002:00002C04       .5
 0002:000027F8       .5
 0002:000025B8       .5
 0002:00002AF0       .5
 0002:00002840       .6
 0002:00002974       .6
 0002:00002B44       .72
 0002:00002AF8       .72
 0002:00002B24       .73
 0002:00002B04       .8
 0002:00002AEC       .8
 0002:00002BBC       .8
 0002:0000281C       .81
 0002:00002BD4       .9
 0001:00001940       @AbstractError
 0001:00002478       @AfterConstruction
 0001:000022AC       @AsClass
 0001:00001AA8       @AStrCmp
 0001:00002488       @BeforeDestruction
 0001:000022F8       @CallDynaInst
 0001:00002420       @ClassCreate
 0001:00002470       @ClassDestroy
 0001:000019B0       @Close
 0001:00001854       @Copy
 0001:00003B2C       @CopyArray
 0001:00003A10       @CopyRecord
 0001:00003C44       @DispCallByIDError
 0001:0000D608       @DispInvokeError
 0001:00003C34       @Dispose
 0001:00002904       @DoneExcept
 0001:00003E74       @DynArrayAsg
 0001:00003E38       @DynArrayClear
 0001:00003C78       @DynArrayHigh
 0001:00003C70       @DynArrayLength
 0001:00003E2C       @DynArraySetLength
 0001:000029EC       @ExceptionHandler
 0001:00001B18       @FillChar
 0001:000039EC       @Finalize
 0001:00003900       @FinalizeArray
 0001:000038B4       @FinalizeRecord
 0001:00002310       @FindDynaInst
 0001:00002038       @FpuInit
 0001:00001F74       @FpuMaskInit
 0001:000016DC       @FreeMem
 0001:000016BC       @GetMem
 0001:00004C14       @GetTls
 0001:00002E34       @Halt
 0001:00002D5C       @Halt0
 0001:0000259C       @HandleAnyException
 0001:00002850       @HandleFinally
 0001:000026C8       @HandleOnException
 0001:00004C60       @InitExe
 0001:000038A8       @Initialize
 0001:00003814       @InitializeArray
 0001:000037E4       @InitializeRecord
 0001:00002C20       @InitImports
 0001:00002BF8       @InitResStringImports
 0001:00002BD4       @InitResStrings
 0001:00004558       @IntfAddRef
 0001:00004528       @IntfCast
 0001:000044E4       @IntfClear
 0001:000044FC       @IntfCopy
 0001:00002288       @IsClass
 0001:00001F44       @isNECWindows
 0001:000032FC       @LStrAddRef
 0001:00002E70       @LStrArrayClr
 0001:00002EA0       @LStrAsg
 0001:00003114       @LStrCat
 0001:00003158       @LStrCat3
 0001:000031CC       @LStrCatN
 0001:00002E4C       @LStrClr
 0001:00003258       @LStrCmp
 0001:0000336C       @LStrCopy
 0001:000033AC       @LStrDelete
 0001:000030BC       @LStrFromArray
 0001:00003034       @LStrFromChar
 0001:00003044       @LStrFromPChar
 0001:00002F3C       @LStrFromPCharLen
 0001:00003074       @LStrFromPWChar
 0001:00002FA8       @LStrFromPWCharLen
 0001:000030B0       @LStrFromString
 0001:000030D4       @LStrFromWStr
 0001:000033F4       @LStrInsert
 0001:00002EE4       @LStrLAsg
 0001:0000310C       @LStrLen
 0001:000034FC       @LStrOfChar
 0001:00003450       @LStrPos
 0001:00003498       @LStrSetLength
 0001:0000330C       @LStrToPChar
 0001:000030E8       @LStrToString
 0001:00003C20       @New
 0001:00002F10       @NewAnsiString
 0001:00003530       @NewWideString
 0001:00001C58       @Pow10
 0001:00001A24       @PStrCmp
 0001:00001A08       @PStrNCpy
 0001:000028B0       @RaiseAgain
 0001:00002888       @RaiseExcept
 0001:000016FC       @ReallocMem
 0001:00001910       @ROUND
 0001:00002E40       @RunError
 0001:00001C3C       @SetEq
 0001:00002B94       @StartExe
 0001:0000029C       @strlen
 0001:0000191C       @TRUNC
 0001:00002934       @TryFinallyExit
 0001:00003364       @UniqueStringA
 0001:00001B38       @ValLong
 0001:0000ED00       @VarAddRef
 0001:0000D8F4       @VarClear
 0001:0000D908       @VarClr
 0001:000038E8       @VarClr
 0001:0000DC1C       @VarCopy
 0001:000039F8       @VarCopy
 0001:0000EC38       @VarFromBool
 0001:0000EC88       @VarFromCurr
 0001:0000EBD0       @VarFromInt
 0001:0000EC0C       @VarFromInt64
 0001:0000EC9C       @VarFromLStr
 0001:0000EC60       @VarFromReal
 0001:0000EC74       @VarFromTDateTime
 0001:0000ECC8       @VarFromWStr
 0001:0000D65C       @VarNull
 0001:0000DF48       @VarToLStr
 0001:0000E670       @VarToWStr
 0001:00003570       @WStrArrayClr
 0001:00003594       @WStrAsg
 0001:00003558       @WStrClr
 0001:000036D0       @WStrCmp
 0001:00003754       @WStrCopy
 0001:000036A4       @WStrFromLStr
 0001:000035B8       @WStrFromPCharLen
 0001:00003668       @WStrFromPWChar
 0001:00003644       @WStrFromPWCharLen
 0001:000036C4       @WStrLen
 0001:000037A0       @WStrSetLength
 0001:000036B4       @WStrToPWChar
 0001:00001C18       @_CLenToPasStr
 0001:00001C0C       @_CToPasStr
 0001:00001824       @_IOTest
 0001:00003C4C       @_llmul
 0001:00030E64       AbsMin
 0001:0000A608       AbstractErrorHandler
 0002:00002028       AbstractErrorProc
 0002:00000140       AccessMode
 0001:0000178C       AcquireExceptionObject
 0001:00012248       ActivateClassGroup
 0001:00005268       ActivateKeyboardLayout
 0002:00002B78       ActiveDrag
 0001:0000FEE4       ActiveX
 0001:000400E0       ActnList
 0001:000003C8       AddBlockAfter
 0002:000003B4       AddDataModule
 0001:00006990       AddExitProc
 0001:00015308       AddFinished
 0001:00043424       AddIn
 0001:00004378       AddModuleUnloadProc
 0001:00004388       AddModuleUnloadProc
 0001:00015340       AddNotFinished
 0001:00015D64       AddSubComponentsToLoaded
 0001:0001D2FC       AdjustColor
 0001:0004A434       Adjustment
 0001:00005270       AdjustWindowRectEx
 0002:00000A18       Alignments
 0002:00000CB4       Alignments
 0002:00000CA4       Alignments
 0001:0005132C       AlignWork
 0001:000364D0       AlignWork
 0001:00019458       AllocateHWnd
 0001:00006944       AllocMem
 0002:000025B0       AllocMemCount
 0002:000025B4       AllocMemSize
 0001:0002242C       AllocPatternBitmap
 0001:00004BBC       AllocTlsBuffer
 0002:00000A90       AnchorAlign
 0002:00000A84       AnimateWindowProc
 0002:00000B8C       AnimationStyle
 0001:00006B70       AnsiCompareStr
 0001:00006BA8       AnsiCompareText
 0001:00007198       AnsiLastChar
 0001:00005278       AnsiLower
 0001:00006B3C       AnsiLowerCase
 0001:0000AF48       AnsiLowerCaseFileName
 0001:0000AF10       AnsiPos
 0001:00047C38       AnsiSameCaption
 0001:00006BE0       AnsiSameText
 0001:00006BF8       AnsiStrLIComp
 0001:0000AFD4       AnsiStrPos
 0001:0000B074       AnsiStrRScan
 0001:0000B09C       AnsiStrScan
 0001:00004958       AnsiToUtf8
 0001:00006B08       AnsiUpperCase
 0001:000085FC       AppendChars
 0001:000089C0       AppendFormat
 0001:00008660       AppendNumber
 0001:00008640       AppendString
 0002:00002BDC       Application
 0002:000003C4       ApplicationHandleException
 0002:000003CC       ApplicationShowException
 0002:00000DE0       AppVisible
 0001:0000A5EC       AssertErrorHandler
 0002:00002020       AssertErrorProc
 0001:0000F97C       AssignLongStr
 0001:0000FD20       AssignVariant
 0002:00002608       avail
 0001:000072D4       BackfillGetDiskFreeSpaceEx
 0001:000339F8       BackgroundClipped
 0001:0000C5FC       BackupVarBoolFromStr
 0001:0000C75C       BackupVarBStrFromBool
 0001:0000C67C       BackupVarBStrFromCy
 0001:0000C6EC       BackupVarBStrFromDate
 0001:0000C590       BackupVarCyFromStr
 0001:0000C524       BackupVarDateFromStr
 0001:0000C3E0       BackupVarI4FromStr
 0001:0000C38C       BackupVariantChangeTypeEx
 0001:0000C44C       BackupVarR4FromStr
 0001:0000C4B8       BackupVarR8FromStr
 0001:0000ABE0       Beep
 0001:000125A0       BeginGlobalLoading
 0001:00005280       BeginPaint
 0001:0001D308       BetterSize
 0001:00044298       BiDiDraw
 0001:00005060       BitBlt
 0002:0000094C       BitBtnCaptions
 0002:00002ABC       BitBtnGlyphs
 0002:000006D0       BitmapCanvasList
 0002:000028A8       BitmapImageLock
 0001:0000C3C8       BiUnimplemented
 0002:000003EC       BlockCode
 0002:000025E0       blockDescBlockList
 0002:000025E4       blockDescFreeList
 0002:000003A8       BooleanIdents
 0002:00000324       BooleanToStringRule
 0001:00007030       BoolToStr
 0001:0000DCD0       BoolToWStrViaOS
 0002:00000A10       BorderStyles
 0001:00011560       Bounds
 0001:00004D00       Bounds
 0002:00000C4C       Breaks
 0002:000028E0       BrushManager
 0001:00046A4C       BuildImage
 0002:0000077C       ButtonCaptions
 0002:00000750       ButtonNames
 0002:00000CC8       Buttons
 0001:00027964       Buttons
 0002:00000A28       ButtonStyles
 0002:00002A74       ButtonWidths
 0001:0001CAE8       BytesPerScanline
 0001:0001CE40       ByteSwapColors
 0001:0000ACC4       ByteToCharIndex
 0001:0000AC9C       ByteToCharLen
 0001:0000AC60       ByteType
 0001:0000ABE8       ByteTypeTest
 0002:00002BC4       CachedComCtrlVer
 0001:00019394       CalcJmpOffset
 0001:0003E14C       CalcSplitterPos
 0001:00005288       CallNextHookEx
 0001:0000B89C       CallTerminateProcs
 0001:00005290       CallWindowProc
 0001:00031E9C       CancelDrag
 0002:00002B8C       CanvasList
 0002:000028E4       CanvasList
 0002:00000728       Captions
 0002:00000B48       CaptureControl
 0002:00000BEC       cBooleanToItemAutoFlag
 0002:00002AAA       CF_COMPONENT
 0002:00002AA8       CF_PICTURE
 0002:00002814       ChangeAnyProc
 0001:0003041C       ChangeBiDiModeAlignment
 0001:00002F6C       CharFromWChar
 0001:0000AE98       CharLength
 0001:00005298       CharLowerBuff
 0001:0000021C       CharNext
 0001:000052A0       CharNext
 0001:0001B418       CharsetToIdent
 0001:0000ADAC       CharToByteIndex
 0001:0000AE10       CharToByteLen
 0001:000052A8       CharToOemA
 0001:000052B0       CharUpperBuff
 0001:0001D8D0       CheckBool
 0001:00002518       CheckJmp
 0001:000052B8       CheckMenuItem
 0002:00000C3C       Checks
 0001:00015DA0       CheckSubComponents
 0001:0001816C       CheckSynchronize
 0001:00049E70       CheckTaskWindow
 0001:00031B50       CheckUndock
 0001:0000AAD4       CheckWin32Version
 0002:00000328       CInvalidCustomVariantType
 0002:00000BF0       cItemAutoFlagToBoolean
 0002:00000BE8       cItemAutoFlagToMenu
 0001:000195E4       Classes
 0001:0001200C       ClassNotFound
 0002:00002810       ClearAnyProc
 0001:0001ACA8       ClearColor
 0001:0000F03C       ClearVariantTypeList
 0001:000052C0       ClientToScreen
 0001:0003B734       ClientToWindow
 0002:000006C8       ClipboardFormats
 0001:00027804       Clipbrd
 0001:000052C8       CloseClipboard
 0001:00004E38       CloseHandle
 0002:0000297C       CloseThemeData
 0002:0000203C       CmdLine
 0002:00002038       CmdShow
 0002:00000BE4       cMenuAutoFlagToItem
 0001:0000C3D4       CmpUnimplemented
 0002:00000448       Colors
 0001:0001B210       ColorToIdent
 0002:000007D4       ColorToPretyName
 0001:0001B200       ColorToRGB
 0002:00002B14       ComCtlVersion
 0001:00027D08       ComCtrls
 0002:00002BD8       CommandPool
 0001:00022A20       CommCtrl
 0001:00025294       CommDlg
 0001:000006A8       Commit
 0002:00002624       committedRoot
 0001:00042A08       CompareFront
 0001:00006A70       CompareMem
 0001:00006A40       CompareStr
 0001:00004E40       CompareString
 0001:00006A90       CompareText
 0001:00006F58       CompareWith
 0001:00015E80       ComponentCreated
 0001:0001D6A0       ComputeAldusChecksum
 0001:000277C0       ComStrs
 0001:00019948       Consts
 0001:0002292C       Contnrs
 0002:00002B4A       ControlAtom
 0002:00002B50       ControlAtomString
 0001:0004EBFC       ControlHasHelp
 0001:0003EDE8       Controls
 0001:0000A048       ConvertAddr
 0001:00008750       ConvertEraString
 0001:00006920       ConvertErrorFmt
 0001:000088B8       ConvertYearString
 0001:00003C80       CopyArray
 0001:0001FA6C       CopyBitmap
 0001:00020134       CopyBitmapAsMask
 0001:00005068       CopyEnhMetaFile
 0001:000200D0       CopyPalette
 0002:000009AC       Copyright
 0001:00045AF8       CopyToBest
 0001:0000AD1C       CountChars
 0002:000028C0       CounterLock
 0002:0000032C       CRangeToType
 0001:0000A530       CreateAssertException
 0001:0000A6B8       CreateAVObject
 0001:00005070       CreateBitmap
 0001:00005078       CreateBrushIndirect
 0001:00005080       CreateCompatibleBitmap
 0001:00005088       CreateCompatibleDC
 0001:00015F00       CreateComponent
 0001:00005098       CreateDIBitmap
 0001:00005090       CreateDIBSection
 0001:00004E48       CreateEvent
 0001:00004E50       CreateFile
 0001:000050A0       CreateFontIndirect
 0001:000050A8       CreateHalftonePalette
 0001:000052D0       CreateIcon
 0001:0000A45C       CreateInOutError
 0001:000052D8       CreateMenu
 0001:00025D54       CreateMessageDialog
 0001:000050B0       CreatePalette
 0001:000050B8       CreatePenIndirect
 0001:000052E0       CreatePopupMenu
 0001:000050C0       CreateSolidBrush
 0001:0001CE98       CreateSystemPalette
 0001:00004E58       CreateThread
 0001:0005431C       CreateToolhelp32Snapshot
 0001:00005898       CreateWindow
 0001:00005840       CreateWindowEx
 0002:00000A88       CreationControl
 0002:00000720       CreationControl
 0002:00000394       CRelationshipToBoolean
 0002:00000310       CResult
 0002:00000A74       CSHREDRAW
 0002:00000138       cSimpleBoolStrs
 0002:00000340       CText
 0002:00000B84       Ctl3DStyles
 0002:0000261C       curAlloc
 0002:00002688       CurrencyDecimals
 0002:00002684       CurrencyFormat
 0002:00002680       CurrencyString
 0001:000085E8       CurrentYear
 0001:00008180       CurrToStr
 0001:0000DC60       CurrToWStrViaOS
 0002:00000D64       CursorMap
 0002:00000A98       Cursors
 0001:0003073C       CursorToIdent
 0002:00000D54       cUseAlpha
 0002:00000D5C       cUseColorKey
 0001:00006CCC       CvtInt
 0001:00006D38       CvtInt64
 0002:00000178       CWNear
 0002:00000A7C       Data
 0002:00002689       DateSeparator
 0001:000091D0       DateTimeToStr
 0001:00009174       DateTimeToString
 0001:00008240       DateTimeToTimeStamp
 0001:0000DC98       DateToWStrViaOS
 0001:000085C0       DayOfWeek
 0002:00000174       DCon10
 0002:00000444       DDBsOnly
 0001:0001950C       DeallocateHWnd
 0002:00000028       DebugHook
 0002:00002687       DecimalSeparator
 0001:000085A0       DecodeDate
 0001:00008454       DecodeDateFully
 0001:000082F4       DecodeTime
 0001:0000073C       Decommit
 0001:00000D58       DecommitFree
 0002:000025F8       decommittedRoot
 0001:0004C884       Default
 0001:00051F54       Default
 0002:00000020       Default8087CW
 0002:00000A8C       DefaultDockTreeClass
 0002:000025BC       DefaultUserCodePage
 0002:00000698       DefBrushData
 0002:00000418       DefFontData
 0001:000052E8       DefFrameProc
 0002:00000204       DefLongDayNames
 0002:000001B8       DefLongMonthNames
 0001:000052F0       DefMDIChildProc
 0002:00000678       DefPenData
 0002:000001E8       DefShortDayNames
 0002:00000188       DefShortMonthNames
 0001:000052F8       DefWindowProc
 0001:00003ECC       DelayLoadResourceModule
 0001:000003F8       DeleteBlock
 0001:00000368       DeleteCriticalSection
 0001:00004E60       DeleteCriticalSection
 0001:000050C8       DeleteDC
 0001:000050D0       DeleteEnhMetaFile
 0001:00000BA0       DeleteFree
 0001:00005300       DeleteMenu
 0001:000050D8       DeleteObject
 0001:0001F628       DeselectBitmap
 0001:00005308       DestroyCursor
 0001:00005310       DestroyIcon
 0001:00027894       DestroyLocals
 0001:00005318       DestroyMenu
 0001:00005320       DestroyWindow
 0001:0002DCB0       DialogEnumerationTester
 0001:000265A4       Dialogs
 0002:000006D4       DIBPalSizes
 0002:0000008C       dig
 0001:00049CC4       DisableTaskWindows
 0001:00005328       DispatchMessage
 0001:0004FEDC       DispatchShortCut
 0002:00002000       DispCallByIDProc
 0001:00006904       DivMod
 0001:000252CC       Dlgs
 0001:00036360       DoAlign
 0001:000511E0       DoAlign
 0001:0003A414       DoCalcConstraints
 0002:00002B80       DockSiteList
 0001:00046718       DoClick
 0001:00037AA4       DoControlMsg
 0001:00049C74       DoDisableWindow
 0001:0003147C       DoDragOver
 0001:00006964       DoExitProc
 0001:0003C420       DoFindControlZone
 0001:00049DB0       DoFindWindow
 0001:0003C9AC       DoFindZone
 0001:0003C4A4       DoForEach
 0001:0003DDB0       DoGetNextLimit
 0001:00049C3C       DoneApplication
 0001:0003EB10       DoneControls
 0001:0000A9E4       DoneExceptions
 0001:0004E258       DoNestedActivation
 0001:0001812C       DoneThreadSynchronization
 0001:00051030       DoPosition
 0001:00035F20       DoPosition
 0001:0003D3D8       DoPrune
 0001:0003D8B0       DoSaveZone
 0001:0003DAB4       DoSetNewBounds
 0002:000003B0       DotSep
 0001:0001DB28       DoWrite
 0001:00041068       DoWrite
 0001:000133D4       DoWrite
 0001:0001E744       DoWrite
 0001:0003708C       DoWriteDesignSize
 0001:00034AF8       DoWriteIsControl
 0002:00002B64       DragCapture
 0002:00002B58       DragControl
 0001:00031BC4       DragDone
 0001:0003142C       DragFindTarget
 0001:00031400       DragFindWindow
 0002:00002B7C       DragImageList
 0001:0003181C       DragInit
 0001:0003198C       DragInitControl
 0002:00002B60       DragInternalObject
 0001:00031348       DragMessage
 0002:00002B5C       DragObject
 0002:00002B88       DragSave
 0002:00002B70       DragSaveCursor
 0002:00002B68       DragStartPos
 0002:00002B74       DragThreshold
 0001:0003154C       DragTo
 0001:00051F90       DrawAppIcon
 0001:0003CF44       DrawCloseButton
 0001:00005330       DrawEdge
 0001:00005338       DrawFocusRect
 0001:00005340       DrawFrameControl
 0001:0003CF9C       DrawGrabberLine
 0001:00005348       DrawIcon
 0001:00005350       DrawIconEx
 0002:00000BC0       DrawingStyles
 0001:00005358       DrawMenuBar
 0001:00047A58       DrawMenuItem
 0001:00005360       DrawText
 0002:00002980       DrawThemeBackground
 0002:000029A4       DrawThemeEdge
 0002:000029A8       DrawThemeIcon
 0002:00002A2C       DrawThemeParentBackground
 0002:00002984       DrawThemeText
 0001:0001C968       DupBits
 0001:00003C98       DynArrayClear
 0001:00003CA0       DynArraySetLength
 0002:00000CAC       EdgeStyle
 0002:00000B74       EdgeStyles
 0001:0000A430       EHeapException.FreeInstance
 0001:00005368       EmptyClipboard
 0002:000027FC       EmptyParam
 0002:000000BC       EmptyStr
 0002:000000C0       EmptyWideStr
 0001:00005370       EnableMenuItem
 0002:00000C44       Enables
 0001:00005378       EnableScrollBar
 0001:00049D78       EnableTaskWindows
 0002:00002A14       EnableThemeDialogTexture
 0002:00002A30       EnableTheming
 0001:00005380       EnableWindow
 0001:00012628       EndGlobalLoading
 0001:00005388       EndPaint
 0001:00000358       EnterCriticalSection
 0001:00004E68       EnterCriticalSection
 0001:00004E70       EnumCalendarInfoA
 0002:00002914       EnumDisplayMonitors
 0001:00009CBC       EnumEraNames
 0001:00009CF8       EnumEraYearOffsets
 0001:0004CE48       EnumMonitorsProc
 0001:00005390       EnumThreadWindows
 0001:000156B0       EnumValue
 0001:00005398       EnumWindows
 0001:000053A0       EqualRect
 0002:00002750       EraNames
 0001:00009448       EraToYear
 0002:0000276C       EraYearOffsets
 0002:00000064       errCaption
 0001:00014E94       Error
 0001:00011BB0       Error
 0001:00001818       Error
 0001:00042758       Error
 0002:00000004       ErrorAddr
 0001:000017CC       ErrorAt
 0001:0000A4DC       ErrorHandler
 0002:00000220       ErrorMap
 0002:00002008       ErrorProc
 0002:000023E4       ErrOutput
 0001:0000176C       ExceptAddr
 0002:0000200C       ExceptClsProc
 0001:0000A950       ExceptHandler
 0001:0000A2A4       Exception.Create
 0001:0000A2E0       Exception.CreateFmt
 0001:0000A360       Exception.CreateRes
 0001:0000A39C       Exception.CreateResFmt
 0002:0000201C       ExceptionClass
 0001:0000A054       ExceptionErrorMessage
 0002:00000258       ExceptMap
 0001:0000174C       ExceptObject
 0002:00002010       ExceptObjProc
 0002:00002004       ExceptProc
 0001:000050E0       ExcludeClipRect
 0002:00000000       ExitCode
 0001:00002CA0       ExitDll
 0002:00002044       ExitProc
 0001:00000224       ExitProcess
 0002:00002024       ExitProcessProc
 0002:00000134       ExitProcList
 0001:00007298       ExpandFileName
 0001:00027B50       ExtActns
 0001:00027760       ExtCtrls
 0001:000279BC       ExtDlgs
 0002:00000A54       ExtendSelects
 0001:00007250       ExtractFileExt
 0001:00007218       ExtractFileName
 0002:0000278C       FalseBoolStrs
 0002:00002AB0       FClipboard
 0002:00000168       FCon1E18
 0001:00007190       FileClose
 0001:000070F8       FileCreate
 0001:000070D4       FileCreate
 0002:000006CC       FileFormats
 0002:00000008       FileMode
 0001:0000707C       FileOpen
 0001:00007100       FileRead
 0002:000003DC       FilerSignature
 0001:00007158       FileSeek
 0001:0000712C       FileWrite
 0001:00000C88       FillAfterGap
 0001:00000C34       FillBeforeGap
 0001:00000D20       FillerSizeAfterGap
 0001:00000CB0       FillerSizeBeforeGap
 0001:000053A8       FillRect
 0001:00027B00       Finalization
 0001:000277C8       Finalization
 0001:0000F694       Finalization
 0001:0000F488       Finalization
 0001:000286D0       Finalization
 0001:00027C90       Finalization
 0001:0002785C       Finalization
 0001:0002792C       Finalization
 0001:0002798C       Finalization
 0001:000279DC       Finalization
 0001:00027B58       Finalization
 0001:00027A44       Finalization
 0001:00027790       Finalization
 0001:00027718       Finalization
 0001:00026548       Finalization
 0001:0000FE5C       Finalization
 0001:0000FEB4       Finalization
 0001:00005D30       Finalization
 0001:00005A20       Finalization
 0001:000059E8       Finalization
 0001:0002529C       Finalization
 0001:00025264       Finalization
 0001:0002522C       Finalization
 0001:000251F4       Finalization
 0001:0002D13C       Finalization
 0001:000251BC       Finalization
 0001:0002D2A4       Finalization
 0001:00025184       Finalization
 0001:0002514C       Finalization
 0001:00025114       Finalization
 0001:00019534       Finalization
 0001:000250DC       Finalization
 0001:0002DF28       Finalization
 0001:0002506C       Finalization
 0001:0000CB28       Finalization
 0001:000246E8       Finalization
 0001:0002453C       Finalization
 0001:00054194       Finalization
 0001:0005423C       Finalization
 0001:00054274       Finalization
 0001:000542AC       Finalization
 0001:000542E4       Finalization
 0001:00047D34       Finalization
 0001:0000C16C       Finalization
 0001:0003ED80       Finalization
 0001:00054334       Finalization
 0001:000400B0       Finalization
 0001:00054B10       Finalization
 0001:00054B48       Finalization
 0001:00024218       Finalization
 0001:000241E0       Finalization
 0001:00024198       Finalization
 0001:000231B0       Finalization
 0001:00023170       Finalization
 0001:000229F0       Finalization
 0001:000228FC       Finalization
 0001:00022644       Finalization
 0001:00022464       Finalization
 0001:00004A74       Finalization
 0001:00004CA4       Finalization
 0001:000417B8       Finalization
 0001:00027AA8       Finalization
 0001:00004D1C       Finalization
 0001:00019918       Finalization
 0001:00003C90       FinalizeArray
 0001:00002AD4       FinalizeUnits
 0001:000464D8       Find
 0001:00003F3C       FindBS
 0001:000120CC       FindClass
 0001:00003EC4       FindClassHInstance
 0001:00000234       FindClose
 0001:00000C04       FindCommitted
 0001:0003051C       FindControl
 0001:0003CBD8       FindControlAtPos
 0001:0000F398       FindCustomVariantType
 0001:0000F2E0       FindCustomVariantType
 0001:00031EE8       FindDragTarget
 0001:000160B0       FindExistingComponent
 0001:0000023C       FindFirstFile
 0001:000124B8       FindGlobalComponent
 0001:00049EBC       FindGlobalComponent
 0002:00002860       FindGlobalComponentProcs
 0001:00003E9C       FindHInstance
 0001:00012360       FindIdentToInt
 0002:00002A70       FindMsg
 0001:00015240       FindNestedComponent
 0001:00042720       FindPopupControl
 0001:0000C7F0       FindProc
 0001:00004E78       FindResource
 0001:00003F14       FindResourceHInstance
 0001:000539E8       FindScanline
 0001:0002CCF0       FindString
 0001:00049E14       FindTopMostWindow
 0001:00016F94       FindUniqueName
 0001:00031EB4       FindVCLWindow
 0001:000053B0       FindWindow
 0001:0002DD08       FindWinHelp
 0001:0001FA20       FixupBitFields
 0002:00000CBC       Flags
 0002:0000279C       FLanguages
 0001:0002456C       FlatSB
 0002:00002940       FlatSB_EnableScrollBar
 0002:0000294C       FlatSB_GetScrollInfo
 0002:00002950       FlatSB_GetScrollPos
 0002:00002948       FlatSB_GetScrollRange
 0002:00002958       FlatSB_SetScrollInfo
 0002:00002954       FlatSB_SetScrollPos
 0001:0002425C       FlatSB_SetScrollProp
 0002:0000295C       FlatSB_SetScrollRange
 0002:00002944       FlatSB_ShowScrollBar
 0001:00007E10       FloatToDecimal
 0001:00008150       FloatToStr
 0001:00007B3C       FloatToText
 0001:000019A4       Flush
 0002:0000017C       FMSecsPerDay
 0001:00007A38       FmtStr
 0002:00000CD8       FocusCount
 0002:00000CD4       FocusMessages
 0002:000005E8       FontCharsets
 0002:000028D8       FontManager
 0001:00049E90       ForegroundTask
 0002:00002C10       Form1
 0001:00007A24       Format
 0002:00000184       Format
 0001:0000762C       FormatBuf
 0001:00007620       FormatClearStr
 0001:000075A4       FormatError
 0002:00000160       FormatErrorStrs
 0001:00004E80       FormatMessage
 0001:000075FC       FormatVarToStr
 0001:000541F0       Forms
 0001:00001C50       FPower10
 0002:0000071C       FPrinter
 0001:000053B8       FrameRect
 0001:0000BD4C       FreeAndNil
 0001:00000970       FreeCommitted
 0001:00000E90       FreeCurAlloc
 0001:00031FA8       FreeDeviceContext
 0001:00032064       FreeDeviceContexts
 0001:000548F0       FreeFunc
 0001:00019300       FreeIntConstList
 0001:00000244       FreeLibrary
 0001:00004E88       FreeLibrary
 0001:0001F57C       FreeMemoryContexts
 0001:00019434       FreeObjectInstance
 0001:00004E98       FreeResource
 0001:000005F0       FreeSpace
 0001:0000B8B8       FreeTerminateProcs
 0001:00024720       FreeThemeLibrary
 0002:00002B10       FRichEditModule
 0001:00054650       FuncIncept
 0001:0001C958       GDICheck
 0001:0001C8B0       GDIError
 0001:00001908       Get8087CW
 0001:00004EA0       GetACP
 0001:000053C0       GetActiveWindow
 0001:000516BC       GetAnimation
 0001:000256B0       GetAveCharSize
 0001:000050E8       GetBitmapBits
 0001:00000370       GetBlockDesc
 0001:000050F0       GetBrushOrgEx
 0001:000053C8       GetCapture
 0001:000307E4       GetCaptureControl
 0001:00012078       GetClass
 0001:000053D0       GetClassInfo
 0001:000053D8       GetClassName
 0001:000053E0       GetClientRect
 0001:000053E8       GetClipboardData
 0001:0001E2F0       GetClipboardFormats
 0001:000050F8       GetClipBox
 0001:0000030C       GetCmdShow
 0001:00040280       GetColor
 0001:00027C30       GetComCtlVersion
 0001:0000024C       GetCommandLine
 0001:000007BC       GetCommitted
 0001:0000084C       GetCommittedAt
 0001:00037658       GetControlAtPos
 0001:000086AC       GetCount
 0001:00004EA8       GetCPInfo
 0001:00005100       GetCurrentPositionEx
 0001:00004EB0       GetCurrentProcess
 0001:00004EB8       GetCurrentProcessId
 0002:00002A24       GetCurrentThemeName
 0001:00004EC0       GetCurrentThreadId
 0001:000002FC       GetCurrentThreadId
 0001:0000579C       GetCurrentTime
 0001:000053F0       GetCursor
 0001:000539F8       GetCursorHeightMargin
 0001:000053F8       GetCursorPos
 0001:000086D8       GetDate
 0001:00004EC8       GetDateFormat
 0001:00009360       GetDateOrder
 0001:00005400       GetDC
 0001:00005408       GetDCEx
 0001:00005108       GetDCOrgEx
 0001:00022074       GetDefFontCharSet
 0001:00005410       GetDesktopWindow
 0001:00005120       GetDeviceCaps
 0001:0001D8B8       GetDIB
 0001:00005110       GetDIBColorTable
 0001:00005118       GetDIBits
 0001:0001D800       GetDIBSizes
 0001:0001CAC8       GetDInColors
 0001:00004ED0       GetDiskFreeSpaceA
 0002:00000130       GetDiskFreeSpaceEx
 0001:0003DE90       GetDockAlign
 0001:0003118C       GetDockSiteAtPos
 0001:000314B8       GetDropCtl
 0001:000022C8       GetDynaMethod
 0001:00005128       GetEnhMetaFileBits
 0001:00005130       GetEnhMetaFileHeader
 0001:00005138       GetEnhMetaFilePaletteEntries
 0001:0000F704       GetEnumNameValue
 0001:0000F750       GetEnumValue
 0001:00009D70       GetEraNamesAndYearOffsets
 0001:000093F4       GetEraYearOffset
 0001:0000A6A0       GetExceptionClass
 0001:0000A884       GetExceptionObject
 0001:00012000       GetFieldClassTable
 0001:0001E2D0       GetFileFormats
 0001:0000AAF4       GetFileVersion
 0001:00005048       GetFileVersionInfo
 0001:00005050       GetFileVersionInfoSize
 0001:00005418       GetFocus
 0001:0001B438       GetFontData
 0001:00005420       GetForegroundWindow
 0001:0000B33C       GetFormatSettings
 0001:00004ED8       GetFullPathName
 0001:0001A9A4       GetHashCode
 0001:0004EC34       GetHelpInfo
 0001:00023630       GetHelpSystem
 0001:000514A0       GetHint
 0001:000514D8       GetHintControl
 0001:00047BD4       GetHotkey
 0001:00005428       GetIconInfo
 0001:00005440       GetKeyboardLayout
 0001:00005448       GetKeyboardLayoutList
 0001:00005450       GetKeyboardState
 0001:00001F3C       GetKeyboardType
 0001:00005430       GetKeyNameText
 0001:00005438       GetKeyState
 0001:00005458       GetLastActivePopup
 0001:0003C158       GetLastChildZone
 0001:00004EE0       GetLastError
 0001:00009B34       GetLocaleChar
 0001:00004EF0       GetLocaleInfo
 0001:00000254       GetLocaleInfo
 0001:00009AE8       GetLocaleStr
 0001:00004EE8       GetLocalTime
 0001:000307A0       GetLongHint
 0001:00005460       GetMenu
 0001:0004EBBC       GetMenuHelpContext
 0001:00005468       GetMenuItemCount
 0001:00005470       GetMenuItemID
 0001:00005478       GetMenuItemInfo
 0001:00044D24       GetMenuSize
 0001:00005480       GetMenuState
 0001:00005488       GetMenuString
 0001:00004EF8       GetModuleFileName
 0001:0000025C       GetModuleFileName
 0001:00004B9C       GetModuleHandle
 0001:00004F00       GetModuleHandle
 0001:00000264       GetModuleHandle
 0002:00002908       GetMonitorInfo
 0002:0000290C       GetMonitorInfoA
 0002:00002910       GetMonitorInfoW
 0001:00009B98       GetMonthDayNames
 0001:00005490       GetNextWindow
 0001:00005140       GetObject
 0001:0000F824       GetOrdProp
 0001:00005148       GetPaletteEntries
 0001:00005498       GetParent
 0001:0004A088       GetParentForm
 0001:00005150       GetPixel
 0001:0000026C       GetProcAddress
 0001:00004F08       GetProcAddress
 0001:000054A0       GetProp
 0001:0000F7B4       GetPropInfo
 0001:0004A548       GetRealScrollPosition
 0001:00040260       GetRGBColor
 0001:000054A8       GetScrollInfo
 0001:000054B0       GetScrollPos
 0001:000054B8       GetScrollRange
 0001:0003075C       GetShortHint
 0001:00000514       GetSpace
 0001:00000578       GetSpaceAt
 0001:000427B0       GetSpecialName
 0001:00000274       GetStartupInfo
 0001:000001F4       GetStdHandle
 0001:00004F10       GetStdHandle
 0001:00005158       GetStockObject
 0001:00004F18       GetStringTypeEx
 0001:000054C0       GetSubMenu
 0001:000054C8       GetSysColor
 0001:000054D0       GetSysColorBrush
 0001:00004F20       GetSystemInfo
 0001:000054D8       GetSystemMenu
 0001:000054E0       GetSystemMetrics
 0002:000028F8       GetSystemMetrics
 0001:00005160       GetSystemPaletteEntries
 0001:00005170       GetTextExtentPoint
 0001:00005168       GetTextExtentPoint32
 0001:00005178       GetTextMetrics
 0002:00002A1C       GetThemeAppProperties
 0002:00002988       GetThemeBackgroundContentRect
 0002:0000298C       GetThemeBackgroundExtent
 0002:0000299C       GetThemeBackgroundRegion
 0002:000029C0       GetThemeBool
 0002:000029B4       GetThemeColor
 0002:00002A28       GetThemeDocumentationProperty
 0002:000029C8       GetThemeEnumValue
 0002:000029E8       GetThemeFilename
 0002:000029D0       GetThemeFont
 0002:000029C4       GetThemeInt
 0002:000029DC       GetThemeIntList
 0002:000029D8       GetThemeMargins
 0002:000029B8       GetThemeMetric
 0002:00002990       GetThemePartSize
 0002:000029CC       GetThemePosition
 0002:000029E0       GetThemePropertyOrigin
 0002:000029D4       GetThemeRect
 0002:000029BC       GetThemeString
 0002:000029F4       GetThemeSysBool
 0002:000029EC       GetThemeSysColor
 0002:000029F0       GetThemeSysColorBrush
 0002:000029FC       GetThemeSysFont
 0002:00002A04       GetThemeSysInt
 0002:000029F8       GetThemeSysSize
 0002:00002A00       GetThemeSysString
 0002:00002994       GetThemeTextExtent
 0002:00002998       GetThemeTextMetrics
 0001:0000027C       GetThreadLocale
 0001:00004F28       GetThreadLocale
 0001:00004F30       GetTickCount
 0001:00008710       GetTime
 0001:00004BC8       GetTlsSize
 0001:00051C6C       GetTopMostWindows
 0001:000308EC       GetTopParent
 0001:000054E8       GetTopWindow
 0001:0000F6F8       GetTypeData
 0001:00000304       GetVersion
 0001:00004F38       GetVersion
 0001:00004F40       GetVersionEx
 0001:000054F0       GetWindow
 0001:000054F8       GetWindowDC
 0001:00005500       GetWindowLong
 0001:00005188       GetWindowOrgEx
 0001:00005508       GetWindowPlacement
 0001:00005510       GetWindowRect
 0001:00005518       GetWindowText
 0002:00002A10       GetWindowTheme
 0001:00005528       GetWindowThreadProcessId
 0001:00005520       GetWindowThreadProcessId
 0001:00005180       GetWinMetaFileBits
 0001:00004F48       GlobalAddAtom
 0001:00004F50       GlobalAlloc
 0001:000057B0       GlobalAllocPtr
 0001:00004F58       GlobalDeleteAtom
 0001:00004F60       GlobalFindAtom
 0002:00002864       GlobalFixupList
 0001:00015388       GlobalFixupReferences
 0001:00004F68       GlobalFree
 0001:000057DC       GlobalFreePtr
 0001:00004F78       GlobalHandle
 0001:00004F70       GlobalLock
 0002:00002848       GlobalNameSpace
 0001:00004F80       GlobalReAlloc
 0001:000057C0       GlobalReAllocPtr
 0001:00004F88       GlobalUnlock
 0001:00022538       Graphics
 0001:000121F4       GroupDescendentsWith
 0001:0004EE3C       HandleEdge
 0001:000167EC       HandleException
 0002:00000024       HeapAllocFlags
 0002:000025C4       heapErrorCode
 0002:000025C8       heapLock
 0001:000241D8       HelpIntfs
 0002:00002934       HelpManager
 0002:00002A6C       HelpMsg
 0002:00002B34       HelpViewer
 0002:00002B38       HelpViewerIntf
 0002:0000012C       HexDisplayPrefix
 0001:0003DF0C       HideZone
 0002:00002664       HInstance
 0002:00002BF0       HintDoneEvent
 0001:000515A8       HintGetMsgHook
 0002:00002BF4       HintHook
 0001:0005154C       HintMouseThread
 0002:00002BF8       HintThread
 0002:00002BEC       HintThreadID
 0001:000514F8       HintTimerProc
 0002:00000CCC       HintWindowClass
 0002:000029A0       HitTestThemeBackground
 0001:000515EC       HookHintHooks
 0001:000058F0       HwndMSWheel
 0002:00000C60       IBreaks
 0002:00000C6C       IChecks
 0002:0000073C       IconIDs
 0002:00000C74       IDefaults
 0001:0001B428       IdentToCharset
 0001:0001B220       IdentToColor
 0001:0003074C       IdentToCursor
 0001:000123DC       IdentToInt
 0002:00000C7C       IEnables
 0001:00045AC8       IfHotkeyAvailable
 0001:00054234       ImageDirectoryEntryToData
 0001:0005426C       ImageHlp
 0002:00002BC8       ImageListWriteExProc
 0001:0002294C       ImageList_Add
 0001:0002296C       ImageList_AddIcon
 0001:00022990       ImageList_BeginDrag
 0001:00022934       ImageList_Create
 0001:0002293C       ImageList_Destroy
 0001:000229A0       ImageList_DragEnter
 0001:000229A8       ImageList_DragLeave
 0001:000229B0       ImageList_DragMove
 0001:000229C0       ImageList_DragShowNolock
 0001:00022978       ImageList_Draw
 0001:00022980       ImageList_DrawEx
 0001:00022998       ImageList_EndDrag
 0001:00022964       ImageList_GetBkColor
 0001:000229C8       ImageList_GetDragImage
 0001:000229E0       ImageList_GetIconSize
 0001:00022944       ImageList_GetImageCount
 0001:000229D0       ImageList_Read
 0001:00022988       ImageList_Remove
 0001:00022954       ImageList_ReplaceIcon
 0001:0002295C       ImageList_SetBkColor
 0001:000229B8       ImageList_SetDragCursorImage
 0001:000229E8       ImageList_SetIconSize
 0001:000229D8       ImageList_Write
 0002:00000BD0       Images
 0001:000417E8       ImgList
 0001:000231E0       Imm
 0002:00000BB4       IMM32DLL
 0001:0003EAFC       Imm32IsIME
 0002:00000180       IMSecsPerDay
 0001:0000D910       InBounds
 0001:0000D670       InBounds
 0001:0000D940       Increment
 0001:0000D6A0       Increment
 0001:00005530       InflateRect
 0001:00027A24       IniFiles
 0001:000009FC       InitAllocator
 0001:00022A28       InitAnApi
 0002:00002920       InitApis
 0001:00012684       InitComponent
 0002:00002634       InitContext
 0001:0003EB98       InitControls
 0001:000220B8       InitDefFontData
 0001:0000B8D8       InitDriveSpacePtr
 0001:0000A960       InitExceptions
 0001:000242B8       InitFlatSB
 0001:000263F4       InitGlobals
 0001:0001D6B8       InitializeBitmapInfoHeader
 0001:00000350       InitializeCriticalSection
 0001:00004F90       InitializeCriticalSection
 0002:000025C0       initialized
 0001:00024290       InitializeFlatSB
 0001:00004C54       InitializeModule
 0001:0000C81C       InitializeVarUtils
 0001:0003E79C       InitIMM32
 0001:0001272C       InitInheritedComponent
 0001:0000B150       InitLeadBytes
 0001:00023104       InitMultiMonStubs
 0001:0000AA64       InitPlatformId
 0002:00002040       InitProc
 0001:00054108       InitProcs
 0001:0002203C       InitScreenLogPixels
 0001:0000B1C8       InitSysLocale
 0001:000248E0       InitThemeLibrary
 0001:000180F8       InitThreadSynchronization
 0001:00004BD0       InitThreadTLS
 0001:00002B34       InitUnits
 0001:00030430       InitWndProc
 0002:00000B54       InnerStyles
 0002:0000204C       Input
 0001:00035E94       InsertBefore
 0001:00050FD0       InsertBefore
 0001:00000E08       InsertFree
 0001:00045B7C       InsertHotkeyFarEastFormat
 0001:00005538       InsertMenu
 0001:00005540       InsertMenuItem
 0002:00002880       InstBlockList
 0002:00002884       InstFreeList
 0002:00002858       IntConstList
 0002:00000A5C       IntegralHeights
 0001:0000B940       InterlockedDecrement
 0001:000002F4       InterlockedDecrement
 0001:0000B94C       InterlockedExchange
 0001:00004E90       InterlockedExchange
 0001:0000B954       InterlockedExchangeAdd
 0001:0000B934       InterlockedIncrement
 0001:000002EC       InterlockedIncrement
 0001:0001A930       InternalDeletePalette
 0001:0000195C       InternalFlush
 0001:00000C64       InternalFreeMem
 0001:0001D808       InternalGetDIB
 0001:0001D79C       InternalGetDIBSizes
 0001:0001251C       InternalReadComponentRes
 0002:00002B1C       InternalServices
 0001:00003318       InternalUniqueString
 0001:00005190       IntersectClipRect
 0001:00005548       IntersectRect
 0001:00006E2C       IntToHex
 0001:0001241C       IntToIdent
 0001:00006D18       IntToStr
 0001:00006E04       IntToStr
 0001:00005550       InvalidateRect
 0001:0001C838       InvalidBitmap
 0001:0001C820       InvalidGraphic
 0001:0001C844       InvalidIcon
 0001:0001C850       InvalidMetafile
 0001:0001C808       InvalidOperation
 0001:00011588       InvalidPoint
 0002:00002798       InvalidPointer
 0001:00002180       InvokeImplGetter
 0001:00001898       IOResult
 0002:00000C9C       IOwnerDraw
 0002:00000C84       IRadios
 0002:00000C94       IRTL
 0001:0004A018       IsAccel
 0001:00046D2C       IsAccelChar
 0002:00002A0C       IsAppThemed
 0001:00030F44       IsBeforeTargetWindow
 0001:00005558       IsChild
 0002:00002048       IsConsole
 0001:000313A0       IsDelphiHandle
 0001:00005560       IsDialogMessage
 0002:00000C8C       ISeparators
 0001:00005568       IsIconic
 0001:00046D88       IsInitialChar
 0001:00008350       IsLeapYear
 0002:00002034       IsLibrary
 0002:00002049       IsMultiThread
 0001:0003BBBC       IsOrientationSet
 0001:00005570       IsRectEmpty
 0001:00031148       IsSiteChildOfClient
 0002:00002A08       IsThemeActive
 0002:000029B0       IsThemeBackgroundPartiallyTransparent
 0002:00002A18       IsThemeDialogTextureEnabled
 0002:000029AC       IsThemePartDefined
 0001:000124F8       IsUniqueGlobalComponentName
 0002:0000284C       IsUniqueGlobalComponentNameProc
 0001:00006C68       IsValidIdent
 0001:0000B1B0       IsWesternGroup
 0001:00005578       IsWindow
 0001:00005580       IsWindowEnabled
 0001:00005588       IsWindowVisible
 0001:00005590       IsZoomed
 0001:00042B7C       Iterate
 0001:00042BDC       IterateMenus
 0002:0000002C       JITEnable
 0001:00054364       JwaTlHelp32
 0001:000542A4       JwaWinDLLNames
 0001:000542DC       JwaWinNT
 0001:00054314       JwaWinType
 0001:00049FCC       KeyboardStateToShiftState
 0001:00049F90       KeyDataToShiftState
 0001:00049F3C       KeysToShiftState
 0001:00005598       KillTimer
 0001:000071C8       LastDelimiter
 0001:0000B0DC       LCIDToCodePage
 0001:00004A00       LCIDToCodePage
 0002:0000010C       LeadBytes
 0001:00004F98       LeaveCriticalSection
 0001:00000360       LeaveCriticalSection
 0002:00000034       LibModuleList
 0001:00005198       LineTo
 0001:00027B88       ListActns
 0001:00031F30       ListAdd
 0001:00031F58       ListRemove
 0002:0000274E       ListSeparator
 0001:000055A0       LoadBitmap
 0001:000055A8       LoadCursor
 0001:000055B0       LoadIcon
 0001:000055B8       LoadKeyboardLayout
 0001:00004FA0       LoadLibrary
 0001:00000284       LoadLibraryEx
 0001:00004FA8       LoadResource
 0001:00004108       LoadResourceModule
 0001:000049A8       LoadResString
 0001:0000028C       LoadString
 0001:000055C0       LoadString
 0001:00004BA4       LocalAlloc
 0001:00000330       LocalAlloc
 0001:00000338       LocalFree
 0001:00009B5C       LocalGetLocaleStr
 0002:00002A40       Lock
 0001:00004FB0       LockResource
 0002:00002690       LongDateFormat
 0002:00002724       LongDayNames
 0002:000026D8       LongMonthNames
 0002:000026A4       LongTimeFormat
 0001:00006A04       LowerCase
 0001:00005038       lstrcmpiA
 0001:00005040       lstrcpy
 0001:00000294       lstrcpyn
 0002:00002820       LVarTypes
 0002:00002824       LVarTypeSync
 0002:0000202C       MainInstance
 0002:00002030       MainThreadID
 0001:000003C0       MakeEmpty
 0001:00002C44       MakeErrorMessage
 0002:00000BA0       MakeLast
 0001:00005790       MakeLong
 0001:00005830       MakeLParam
 0001:0001939C       MakeObjectInstance
 0001:000057F0       MakeROP4
 0001:00005828       MakeWParam
 0001:0000A620       MapException
 0001:00027AF8       Mapi
 0002:00000988       MAPIDLL
 0002:0000098C       MAPIModule
 0001:0000294C       MapToRunError
 0001:000055C8       MapVirtualKey
 0001:000055D0       MapWindowPoints
 0002:00000BD8       Mask
 0001:000051A0       MaskBlt
 0001:00022674       Math
 0001:0002263C       Max
 0001:0004C8D0       MaximizedChildren
 0002:0000003C       MemoryManager
 0002:00000BF4       MenuKeyCaps
 0001:00047DA4       Menus
 0001:00000410       MergeBlockAfter
 0001:00000EDC       MergeCommit
 0001:000055D8       MessageBeep
 0001:0000022C       MessageBox
 0001:000055E0       MessageBox
 0001:000055E8       MessageBoxA
 0001:000262F8       MessageDlgPos
 0001:0002631C       MessageDlgPosHelp
 0001:00005A50       Messages
 0001:00022634       Min
 0001:00012D90       Min
 0001:000357DC       MinVar
 0002:00002928       MMAvailable
 0002:000007A8       ModalResults
 0002:00000BB8       ModeMap
 0001:0004E5C8       ModifySystemMenu
 0002:000000A4       Module
 0001:00054324       Module32First
 0001:0005432C       Module32Next
 0002:00002661       ModuleIsCpp
 0002:00002660       ModuleIsLib
 0001:0001936C       ModuleUnload
 0002:00000038       ModuleUnloadList
 0002:00002904       MonitorFromPoint
 0002:00002900       MonitorFromRect
 0002:000028FC       MonitorFromWindow
 0002:000000DC       MonthDays
 0002:00002B3C       Mouse
 0001:000018B8       Move
 0001:000051A8       MoveToEx
 0001:00031F78       MoveWindowOrg
 0001:00004FB8       MulDiv
 0001:000002A4       MultiByteToWideChar
 0002:00000A64       MultiColumns
 0001:00053BAC       MultiLineWidth
 0001:000231A0       MultiMon
 0002:00000A4C       MultiSelects
 0001:0005461C       MyMessageBoxA
 0002:00002685       NegCurrFormat
 0001:00000F68       NewCommit
 0001:00000F94       NewCommitAt
 0002:00002B40       NewStyleControls
 0001:0000AED4       NextCharIndex
 0001:0003BBA0       NextVisibleZone
 0002:000003E0       NilMethod
 0002:00000030       NoErrMsg
 0001:00043990       NormalDraw
 0001:00002504       NotifyAnyExcept
 0001:000024D8       NotifyExcept
 0001:00002538       NotifyExceptFinally
 0001:000125F8       NotifyGlobalLoading
 0001:00004408       NotifyModuleUnload
 0001:000024B4       NotifyNonDelphiException
 0001:000024F0       NotifyOnExcept
 0001:00002498       NotifyReRaise
 0001:00002560       NotifyTerminate
 0001:0000257C       NotifyUnhandled
 0001:00046708       NthParentOf
 0001:0000F480       Null
 0002:0000031C       NullAsStringValue
 0002:00000318       NullStrictConvert
 0001:000304E8       ObjectFromHWnd
 0001:000055F0       OemToAnsi
 0001:000055F8       OffsetRect
 0001:00005600       OpenClipboard
 0002:00002978       OpenThemeData
 0002:00000B98       OrientArray
 0002:00000B64       OuterStyles
 0002:00002794       OutOfMemory
 0001:0001C85C       OutOfResources
 0002:00002218       Output
 0002:00000320       PackVarCreation
 0001:0002C860       PaintListBox
 0002:000006DC       Pal16
 0001:0001AD14       PaletteChanged
 0001:0001D048       PaletteFromDIBColorTable
 0001:0001D0EC       PaletteToDIBColorTable
 0002:000006D8       PalSize
 0001:0003BF84       ParentNotLast
 0001:000051B0       PatBlt
 0002:000028E8       PatternManager
 0001:00005608       PeekMessage
 0002:000028DC       PenManager
 0002:000006A8       PenModes
 0002:00000688       PenStyles
 0001:000051B8       PlayEnhMetaFile
 0001:00011510       Point
 0001:00004CF8       Point
 0001:00011948       PointerInModule
 0001:00037078       PointsEqual
 0001:00005810       PointToSmallPoint
 0002:00002BCC       PopupList
 0001:00005610       PostMessage
 0001:00005618       PostQuitMessage
 0001:00024254       Printers
 0001:0004FCDC       ProcessExecute
 0001:0004A248       ProcessHorz
 0001:0004FDDC       ProcessUpdate
 0001:0004A2B4       ProcessVert
 0001:00054D78       Project1
 0001:00015684       PropertyNotFound
 0001:000168EC       PropPathError
 0002:00000CFC       Props
 0001:00015678       PropValueError
 0001:00005620       PtInRect
 0002:000000A0       PtrToNil
 0001:00007AF8       PutExponent
 0002:00002B84       QualifyingSites
 0001:0000A5DC       RaiseAssertException
 0001:00014698       RaiseException
 0001:000001FC       RaiseException
 0002:00002014       RaiseExceptionProc
 0001:0000B7F0       RaiseLastOSError
 0001:0003CCF4       ReadControlName
 0001:00017B2C       ReadCustomVariant
 0001:00015660       ReadError
 0001:00004FC0       ReadFile
 0001:0001D398       ReadIcon
 0001:000051C0       RealizePalette
 0001:00015EA0       Recover
 0001:00004CDC       Rect
 0001:00011538       Rect
 0001:000051D0       Rectangle
 0001:000051C8       RectVisible
 0001:0005455C       RedirectIAT
 0001:00005628       RedrawWindow
 0002:00002818       RefAnyProc
 0002:00002A3C       ReferenceCount
 0001:000002AC       RegCloseKey
 0001:00004E20       RegCloseKey
 0002:0000285C       RegGroups
 0001:000120EC       RegisterClass
 0001:00005630       RegisterClass
 0001:00005638       RegisterClipboardFormat
 0001:000312E8       RegisterDockSite
 0001:00012460       RegisterFindGlobalComponentProc
 0001:00012334       RegisterIntegerConsts
 0001:00004464       RegisterModule
 0001:000235AC       RegisterViewer
 0001:00005640       RegisterWindowMessage
 0001:00027A8C       Registry
 0001:000002B4       RegOpenKeyEx
 0001:00004E28       RegOpenKeyEx
 0001:000002BC       RegQueryValueEx
 0001:00004E30       RegQueryValueEx
 0001:000251B4       RegStr
 0001:00005648       ReleaseCapture
 0001:00005650       ReleaseDC
 0002:00000048       reMap
 0002:00002618       remBytes
 0001:00000480       RemoveBlock
 0002:000003BC       RemoveDataModule
 0001:00015530       RemoveFixupReferences
 0001:000155DC       RemoveFixups
 0001:000158D4       RemoveGlobalFixup
 0001:00005658       RemoveMenu
 0001:00004380       RemoveModuleUnloadProc
 0001:000043A8       RemoveModuleUnloadProc
 0001:00005660       RemoveProp
 0001:00004FC8       ResetEvent
 0001:00018144       ResetSyncEvent
 0001:0000141C       ResizeInPlace
 0001:000051D8       RestoreDC
 0001:00049BE8       RestoreFocusState
 0001:00042750       ReturnAddr
 0001:00013534       ReturnAddr
 0001:000128BC       ReturnAddr
 0001:0001CDC8       RGBQuadToTriple
 0001:0001CD90       RGBTripleToQuad
 0001:0002510C       RichEdit
 0002:00002B54       RM_GetObjectInstance
 0002:00002BE8       RM_TaskbarCreated
 0002:00002614       rover
 0002:00000990       RTFConversionFormat
 0001:0000F6C4       RTLConsts
 0001:00000204       RtlUnwind
 0002:00002018       RTLUnwindProc
 0002:0000006C       runErrMsg
 0001:000017C0       RunErrorAt
 0001:0000C7D0       SafeArrayCreate
 0001:0000C7D8       SafeArrayGetLBound
 0001:0000C7E0       SafeArrayGetUBound
 0001:0000C7E8       SafeArrayPtrOfIndex
 0001:0000BE18       SafeLoadLibrary
 0001:00006AE4       SameText
 0001:000051E0       SaveDC
 0001:00049BE0       SaveFocusState
 0001:000091E4       ScanBlanks
 0001:00009328       ScanChar
 0001:000094A4       ScanDate
 0001:00009208       ScanNumber
 0001:0000929C       ScanString
 0001:000097E8       ScanTime
 0001:000093AC       ScanToNumber
 0002:00002BE0       Screen
 0002:00002894       ScreenLogPixels
 0001:00005668       ScreenToClient
 0001:0004A400       ScrollBarVisible
 0001:00005670       ScrollWindow
 0001:00000FC8       SearchSmallBlocks
 0001:000051E8       SelectObject
 0001:000051F0       SelectPalette
 0001:00030578       SendAppMessage
 0001:00049E50       SendFocusMessage
 0001:00005678       SendMessage
 0002:00000C58       Separators
 0001:000018F8       Set8087CW
 0001:00005680       SetActiveWindow
 0001:000516EC       SetAnimation
 0001:000051F8       SetBkColor
 0001:00005200       SetBkMode
 0001:00005208       SetBrushOrgEx
 0001:00005688       SetCapture
 0001:0003080C       SetCaptureControl
 0001:00005690       SetClassLong
 0001:0000F00C       SetClearVarToEmptyParam
 0001:00005698       SetClipboardData
 0001:00016010       SetCompName
 0001:000056A0       SetCursor
 0001:00005210       SetDIBColorTable
 0001:00004FD0       SetEndOfFile
 0001:00005218       SetEnhMetaFileBits
 0001:00004FD8       SetErrorMode
 0001:00004FE0       SetEvent
 0001:00002A8C       SetExceptionHandler
 0001:00004FE8       SetFilePointer
 0001:0000FB28       SetFloatProp
 0001:000056A8       SetFocus
 0001:000056B0       SetForegroundWindow
 0001:0003EA20       SetImeMode
 0001:00001844       SetInOutRes
 0001:0000FDAC       SetInt64Prop
 0001:0000FDE8       SetInterfaceProp
 0001:00016BCC       SetInterfaceReference
 0001:00016AE8       SetIntIdent
 0002:00000CD0       SetLayeredWindowAttributes
 0001:0000F990       SetLongStrProp
 0001:000056B8       SetMenu
 0001:000056C0       SetMenuItemInfo
 0001:0000FD74       SetMethodProp
 0001:00016B30       SetObjectIdent
 0001:0000F898       SetOrdProp
 0001:000056C8       SetParent
 0001:00005220       SetPixel
 0001:000056D0       SetProp
 0001:000056D8       SetRect
 0001:00005228       SetROP2
 0001:000056E0       SetScrollInfo
 0001:000056E8       SetScrollPos
 0001:000056F0       SetScrollRange
 0001:0000F8F4       SetShortStrProp
 0001:0000F948       SetShortStrPropAsLongStr
 0001:00005230       SetStretchBltMode
 0001:0000FA28       SetStrProp
 0001:00015E18       SetSubComponentState
 0001:00005238       SetTextColor
 0002:00002A20       SetThemeAppProperties
 0001:00004FF0       SetThreadLocale
 0001:000056F8       SetTimer
 0001:0000EFF4       SetVarAsError
 0001:0000FD34       SetVariantProp
 0001:00016B70       SetVariantReference
 0001:00005240       SetViewportOrgEx
 0001:000536BC       SetVisible
 0001:0000FA54       SetWideStrProp
 0001:0000F9D0       SetWideStrPropAsLongStr
 0001:00005700       SetWindowLong
 0001:00005250       SetWindowOrgEx
 0001:00005708       SetWindowPlacement
 0001:00005710       SetWindowPos
 0001:00005718       SetWindowsHookEx
 0002:000029E4       SetWindowTheme
 0001:00005248       SetWinMetaFileBits
 0002:0000014C       ShareMode
 0001:0002517C       ShellAPI
 0002:00002B0C       ShellModule
 0001:0002525C       ShlObj
 0001:00042778       ShortCut
 0002:00002BD0       ShortCutItems
 0001:00042804       ShortCutToText
 0002:0000268C       ShortDateFormat
 0002:00002708       ShortDayNames
 0002:000026A8       ShortMonthNames
 0002:000026A0       ShortTimeFormat
 0002:00000D3C       ShowCommands
 0002:00000D30       ShowCommands
 0002:00000D48       ShowCommands
 0001:00005720       ShowCursor
 0001:0000A1DC       ShowException
 0002:00000B4C       ShowFlags
 0002:00000DE4       ShowFlags
 0001:00049BF0       ShowMDIClientEdge
 0001:000263D0       ShowMessage
 0001:000263DC       ShowMessagePos
 0001:00005728       ShowOwnedPopups
 0001:00005730       ShowScrollBar
 0001:00005738       ShowWindow
 0001:00051714       ShowWinNoAnimate
 0001:0003DF8C       ShowZone
 0002:00000BAC       SizeCursors
 0001:00004FF8       SizeofResource
 0001:00017660       SkipBinary
 0001:00017690       SkipCollection
 0001:00017638       SkipList
 0001:0000B7E8       Sleep
 0001:00005000       Sleep
 0001:00011528       SmallPoint
 0001:000057FC       SmallPointToPoint
 0002:00002620       smallTab
 0002:00000A44       Sorteds
 0002:000025E8       spaceRoot
 0001:000121A8       StartClassGroup
 0001:0002D2D4       StdActns
 0001:0002D16C       StdCtrls
 0001:00019374       StdWndProc
 0002:0000289C       StockBrush
 0002:000028A0       StockFont
 0002:000028A4       StockIcon
 0002:00002898       StockPen
 0001:00007548       StrAlloc
 0001:0000755C       StrBufSize
 0001:0000AC84       StrByteType
 0001:0000AE70       StrCharLength
 0001:00007424       StrComp
 0001:00007384       StrCopy
 0001:00007594       StrDispose
 0001:00040F34       StreamsEqual
 0001:00007360       StrEnd
 0001:00005258       StretchBlt
 0001:000079A4       StrFmt
 0001:00007448       StrIComp
 0001:00014534       StringListCompareStrings
 0001:0000B6B4       StringReplace
 0001:00047B40       StripHotkey
 0001:000073AC       StrLCopy
 0001:00007348       StrLen
 0001:000079E4       StrLFmt
 0001:00007488       StrLIComp
 0001:00007374       StrMove
 0001:00007568       StrNew
 0001:0000AE90       StrNextChar
 0001:00007534       StrPas
 0001:000073E0       StrPCopy
 0001:00007404       StrPLCopy
 0001:000074E0       StrPos
 0001:000074CC       StrScan
 0001:00006E54       StrToInt
 0001:00006E90       StrToIntDef
 0001:0002788C       StrUtils
 0002:00000A30       Styles
 0002:00000D24       Styles
 0001:0000BD5C       Supports
 0001:0000BD80       Supports
 0002:00002850       SyncEvent
 0002:000003E8       SyncList
 0001:00024718       SyncObjs
 0001:000002D4       SysAllocStringLen
 0001:00005D60       SysConst
 0002:00000CF4       SysConsts
 0002:00000CEC       SysConsts
 0001:00009A9C       SysErrorMessage
 0001:00001278       SysFreeMem
 0001:000002E4       SysFreeString
 0001:000010E8       SysGetMem
 0001:00004CD4       SysInit
 0002:00002740       SysLocale
 0001:000015F8       SysReallocMem
 0001:000002DC       SysReAllocStringLen
 0001:00004AC8       System
 0002:0000288C       SystemPalette16
 0001:0001CFB0       SystemPaletteOverride
 0001:00005740       SystemParametersInfo
 0001:0000C2EC       SysUtils
 0002:00000A6C       TabStops
 0001:0003F8D0       TActionLink.IsCaptionLinked
 0001:0003F8E4       TActionLink.IsCheckedLinked
 0001:0003F8F8       TActionLink.IsEnabledLinked
 0001:0003F90C       TActionLink.IsGroupIndexLinked
 0001:0003F920       TActionLink.IsHelpContextLinked
 0001:0003F934       TActionLink.IsHelpLinked
 0001:0003F948       TActionLink.IsHintLinked
 0001:0003F95C       TActionLink.IsImageIndexLinked
 0001:0003F970       TActionLink.IsShortCutLinked
 0001:0003F984       TActionLink.IsVisibleLinked
 0001:0003F998       TActionLink.SetAutoCheck
 0001:0003F99C       TActionLink.SetCaption
 0001:0003F9A0       TActionLink.SetChecked
 0001:0003F9A4       TActionLink.SetEnabled
 0001:0003F9A8       TActionLink.SetGroupIndex
 0001:0003F9AC       TActionLink.SetHelpContext
 0001:0003F9B0       TActionLink.SetHelpKeyword
 0001:0003F9B4       TActionLink.SetHelpType
 0001:0003F9B8       TActionLink.SetHint
 0001:0003F9BC       TActionLink.SetImageIndex
 0001:0003F9C0       TActionLink.SetShortCut
 0001:0003F9C4       TActionLink.SetVisible
 0001:00053C58       TApplication.ActivateHint
 0001:000528AC       TApplication.BringToFront
 0001:000539C0       TApplication.CancelHint
 0001:00051E90       TApplication.CheckIniChange
 0001:00051C0C       TApplication.ControlDestroyed
 0001:00051754       TApplication.Create
 0001:00052CAC       TApplication.CreateForm
 0001:00051A5C       TApplication.CreateHandle
 0001:00051940       TApplication.Destroy
 0001:00054028       TApplication.DispatchAction
 0001:0005338C       TApplication.DoActionIdle
 0001:000533F0       TApplication.DoMouseIdle
 0001:00051CDC       TApplication.DoNormalizeTopMosts
 0001:000540B8       TApplication.ExecuteAction
 0001:00053FEC       TApplication.GetCurrentHelpFile
 0001:000526E0       TApplication.GetIconHandle
 0001:000528E8       TApplication.GetTitle
 0001:00052E2C       TApplication.HandleException
 0001:00052B98       TApplication.HandleMessage
 0001:00053334       TApplication.HelpCommand
 0001:000532CC       TApplication.HelpContext
 0001:00053264       TApplication.HelpKeyword
 0001:0005397C       TApplication.HideHint
 0001:00053834       TApplication.HintMouseMessage
 0001:00053944       TApplication.HintTimerExpired
 0001:00052BBC       TApplication.HookMainWindow
 0001:00054164       TApplication.HookSynchronizeWakeup
 0001:000535C4       TApplication.IconChanged
 0001:00053468       TApplication.Idle
 0001:00052C94       TApplication.Initialize
 0001:000530FC       TApplication.InvokeHelp
 0001:00052934       TApplication.IsDlgMsg
 0001:00052A60       TApplication.IsHintMsg
 0001:000529A8       TApplication.IsKeyMsg
 0001:00052958       TApplication.IsMDIMsg
 0001:00052A94       TApplication.IsShortCut
 0001:00052EBC       TApplication.MessageBox
 0001:000526FC       TApplication.Minimize
 0001:00051DB8       TApplication.ModalFinished
 0001:00051D8C       TApplication.ModalStarted
 0001:00051DEC       TApplication.NormalizeAllTopMosts
 0001:00051DE4       TApplication.NormalizeTopMosts
 0001:00053588       TApplication.NotifyForms
 0001:00052B00       TApplication.ProcessMessage
 0001:000527AC       TApplication.Restore
 0001:00051DF4       TApplication.RestoreTopMosts
 0001:00052D2C       TApplication.Run
 0001:00053628       TApplication.SetHint
 0001:0005333C       TApplication.SetShowHint
 0001:00051EE8       TApplication.SettingChange
 0001:00053024       TApplication.ShowException
 0001:000537C8       TApplication.StartHintTimer
 0001:0005380C       TApplication.StopHintTimer
 0001:00052E18       TApplication.Terminate
 0001:00052C18       TApplication.UnhookMainWindow
 0001:00054174       TApplication.UnhookSynchronizeWakeup
 0001:000540E0       TApplication.UpdateAction
 0001:00053718       TApplication.UpdateVisible
 0001:00051E78       TApplication.UseRightToLeftAlignment
 0001:00051E60       TApplication.UseRightToLeftReading
 0001:000537A0       TApplication.ValidateHelpSystem
 0001:00054154       TApplication.WakeMainThread
 0001:00051FDC       TApplication.WndProc
 0002:00000CDC       TaskActiveWindow
 0002:00000CE4       TaskFirstTopMost
 0002:00000CE0       TaskFirstWindow
 0002:00000CE8       TaskWindowList
 0001:00030C5C       TBaseDragControlObject.Assign
 0001:00030C38       TBaseDragControlObject.Create
 0001:00030C88       TBaseDragControlObject.EndDrag
 0001:00030CB4       TBaseDragControlObject.Finished
 0001:00018D78       TBasicAction.Change
 0001:00018C14       TBasicAction.Create
 0001:00018C58       TBasicAction.Destroy
 0001:00018CE4       TBasicAction.Execute
 0001:00018CB4       TBasicAction.ExecuteTarget
 0001:00018CB0       TBasicAction.HandlesTarget
 0001:00018CB8       TBasicAction.Notification
 0001:00018D8C       TBasicAction.RegisterChanges
 0001:00018DD8       TBasicAction.SetActionComponent
 0001:00018D1C       TBasicAction.SetOnExecute
 0001:00018D98       TBasicAction.UnRegisterChanges
 0001:00018D00       TBasicAction.Update
 0001:00018CE0       TBasicAction.UpdateTarget
 0001:00018B64       TBasicActionLink.AssignClient
 0001:00018B9C       TBasicActionLink.Change
 0001:00018B20       TBasicActionLink.Create
 0001:00018B68       TBasicActionLink.Destroy
 0001:00018BB4       TBasicActionLink.Execute
 0001:00018BFC       TBasicActionLink.IsOnExecuteLinked
 0001:00018BD0       TBasicActionLink.SetAction
 0001:00018C00       TBasicActionLink.SetOnExecute
 0001:00018C08       TBasicActionLink.Update
 0001:000203E4       TBitmap.Assign
 0001:000205B8       TBitmap.Changed
 0001:00020594       TBitmap.Changing
 0001:000204D4       TBitmap.CopyImage
 0001:00020340       TBitmap.Create
 0001:000203A8       TBitmap.Destroy
 0001:00020A44       TBitmap.DIBNeeded
 0001:000205C4       TBitmap.Dormant
 0001:00020638       TBitmap.Draw
 0001:00020AB8       TBitmap.FreeContext
 0001:00020888       TBitmap.FreeImage
 0001:00020908       TBitmap.GetCanvas
 0001:000208EC       TBitmap.GetEmpty
 0001:00020950       TBitmap.GetHandle
 0001:00020974       TBitmap.GetHandleType
 0001:000209A0       TBitmap.GetHeight
 0001:000209B0       TBitmap.GetMaskHandle
 0001:000209C4       TBitmap.GetMonochrome
 0001:000209E0       TBitmap.GetPalette
 0001:000209F4       TBitmap.GetTransparentColor
 0001:00020A3C       TBitmap.GetWidth
 0001:00020AC8       TBitmap.HandleNeeded
 0001:00020C80       TBitmap.LoadFromClipboardFormat
 0001:00020D04       TBitmap.LoadFromStream
 0001:00020B68       TBitmap.MaskHandleNeeded
 0001:00020D28       TBitmap.NewImage
 0001:00020BC8       TBitmap.PaletteNeeded
 0001:00020E28       TBitmap.ReadData
 0001:00020E50       TBitmap.ReadDIB
 0001:000213B8       TBitmap.ReadStream
 0001:00021AE8       TBitmap.SaveToClipboardFormat
 0001:00021AE0       TBitmap.SaveToStream
 0001:00021428       TBitmap.SetHandle
 0001:000214EC       TBitmap.SetHandleType
 0001:00021624       TBitmap.SetHeight
 0001:00021678       TBitmap.SetMonochrome
 0001:000216F8       TBitmap.SetPalette
 0001:000217CC       TBitmap.SetWidth
 0001:00021820       TBitmap.WriteData
 0001:00021828       TBitmap.WriteStream
 0001:0001F6A4       TBitmapCanvas.Create
 0001:0001F7AC       TBitmapCanvas.CreateHandle
 0001:0001F6E0       TBitmapCanvas.Destroy
 0001:0001F70C       TBitmapCanvas.FreeContext
 0001:0001F8BC       TBitmapImage.Destroy
 0001:0001F918       TBitmapImage.FreeHandle
 0001:00012D48       TBits.Destroy
 0001:00012D78       TBits.Error
 0001:00012E6C       TBits.OpenBit
 0001:00012E40       TBits.SetBit
 0001:00012D9C       TBits.SetSize
 0001:0001BD4C       TBrush.Assign
 0001:0001BCE4       TBrush.Create
 0001:0001BD24       TBrush.Destroy
 0001:0001BE84       TBrush.GetColor
 0001:0001BDF4       TBrush.GetData
 0001:0001BEC0       TBrush.GetHandle
 0001:0001BFA0       TBrush.GetStyle
 0001:0001BE60       TBrush.SetBitmap
 0001:0001BE8C       TBrush.SetColor
 0001:0001BE10       TBrush.SetData
 0001:0001BFA8       TBrush.SetStyle
 0001:0002B130       TButton.Click
 0001:0002B2B8       TButton.CMDialogChar
 0001:0002B248       TButton.CMDialogKey
 0001:0002B33C       TButton.CMFocusChanged
 0001:0002B234       TButton.CNCommand
 0001:0002B3BC       TButton.CNCtlColorBtn
 0001:0002B0CC       TButton.Create
 0001:0002B1E0       TButton.CreateParams
 0001:0002B21C       TButton.CreateWnd
 0001:0002B158       TButton.SetButtonStyle
 0001:0002B1AC       TButton.SetDefault
 0001:0002B154       TButton.UseRightToLeftAlignment
 0001:0002B390       TButton.WMEraseBkgnd
 0001:0002AE38       TButtonActionLink.AssignClient
 0001:0002AE5C       TButtonActionLink.IsCheckedLinked
 0001:0002AE94       TButtonActionLink.SetChecked
 0001:0002AF4C       TButtonControl.ActionChange
 0001:0002B01C       TButtonControl.CNCtlColorStatic
 0001:0002AEF8       TButtonControl.Create
 0001:0002B094       TButtonControl.CreateParams
 0001:0002AF94       TButtonControl.GetActionLinkClass
 0001:0002AF9C       TButtonControl.GetChecked
 0001:0002AFA0       TButtonControl.SetChecked
 0001:0002B0B8       TButtonControl.SetWordWrap
 0001:0002B068       TButtonControl.WMEraseBkGnd
 0001:0002AFA4       TButtonControl.WndProc
 0001:0001C7E8       TCanvas.BrushChanged
 0001:0001C6BC       TCanvas.Changed
 0001:0001C6A8       TCanvas.Changing
 0001:0001C0FC       TCanvas.CopyRect
 0001:0001BFDC       TCanvas.Create
 0001:0001C72C       TCanvas.CreateBrush
 0001:0001C6D0       TCanvas.CreateFont
 0001:0001C5DC       TCanvas.CreateHandle
 0001:0001C6FC       TCanvas.CreatePen
 0001:0001C580       TCanvas.DeselectHandles
 0001:0001C0A0       TCanvas.Destroy
 0001:0001C184       TCanvas.Draw
 0001:0001C230       TCanvas.FillRect
 0001:0001C7A8       TCanvas.FontChanged
 0001:0001C560       TCanvas.GetHandle
 0001:0001C4A8       TCanvas.GetPenPos
 0001:0001C4EC       TCanvas.GetPixel
 0001:0001C26C       TCanvas.LineTo
 0001:0001C2A4       TCanvas.Lock
 0001:0001C2CC       TCanvas.MoveTo
 0001:0001C7C8       TCanvas.PenChanged
 0001:0001C2F8       TCanvas.Rectangle
 0001:0001C634       TCanvas.RequiredState
 0001:0001C49C       TCanvas.SetBrush
 0001:0001C480       TCanvas.SetFont
 0001:0001C5E0       TCanvas.SetHandle
 0001:0001C490       TCanvas.SetPen
 0001:0001C4CC       TCanvas.SetPenPos
 0001:0001C518       TCanvas.SetPixel
 0001:0001C340       TCanvas.StretchDraw
 0001:0001C37C       TCanvas.TextExtent
 0001:0001C3DC       TCanvas.TextHeight
 0001:0001C3C0       TCanvas.TextWidth
 0001:0001C3FC       TCanvas.TryLock
 0001:0001C458       TCanvas.Unlock
 0001:000417A0       TChangeLink.Change
 0001:0004176C       TChangeLink.Destroy
 0001:00011E1C       TClassFinder.Create
 0001:00011F48       TClassFinder.Destroy
 0001:00011F78       TClassFinder.GetClass
 0001:0001E268       TClipboardFormats.Add
 0001:0001E1BC       TClipboardFormats.Create
 0001:0001E23C       TClipboardFormats.Destroy
 0001:0001316C       TCollection.Add
 0001:0001318C       TCollection.Clear
 0001:00025440       TCommonDialog.Create
 0001:000254E4       TCommonDialog.DefaultHandler
 0001:00025488       TCommonDialog.Destroy
 0001:00025688       TCommonDialog.DoClose
 0001:0002569C       TCommonDialog.DoShow
 0001:0002551C       TCommonDialog.MainWndProc
 0001:000254BC       TCommonDialog.MessageHook
 0001:000255B4       TCommonDialog.TaskModalDialog
 0001:00025570       TCommonDialog.WMDestroy
 0001:00025588       TCommonDialog.WMInitDialog
 0001:000255A0       TCommonDialog.WMNCDestroy
 0001:00025568       TCommonDialog.WndProc
 0001:000183D0       TComponent.BeforeDestruction
 0001:000188F0       TComponent.ChangeName
 0001:0001830C       TComponent.Create
 0001:00018684       TComponent.DefineProperties
[...]
 0001:00054324       Module32First
 0001:0005432C       Module32Next
 0001:00054334       Finalization
 0001:00054364       JwaTlHelp32
 0001:0005455C       RedirectIAT
 0001:0005461C       MyMessageBoxA
 0001:00054650       FuncIncept
 0001:000548F0       FreeFunc
 0001:00054A14       TForm1.Button1Click
 0001:00054AB4       TForm1.Button2Click
 0001:00054AD0       TForm1.Button3Click
 0001:00054B10       Finalization
 0001:00054B40       ufrmMain
 0001:00054B48       Finalization
 0001:00054D78       Project1
 0002:00000000       ExitCode
 0002:00000004       ErrorAddr
 0002:00000008       FileMode
 0002:0000000C       VarClearProc
 0002:00000010       VarAddRefProc
 0002:00000014       VarCopyProc
 0002:00000018       VarToLStrProc
 0002:0000001C       VarToWStrProc
 0002:00000020       Default8087CW
 0002:00000024       HeapAllocFlags
 0002:00000028       DebugHook
 0002:0000002C       JITEnable
 0002:00000030       NoErrMsg
 0002:00000034       LibModuleList
 0002:00000038       ModuleUnloadList
 0002:0000003C       MemoryManager
 0002:00000048       reMap
 0002:00000064       errCaption
 0002:0000006C       runErrMsg
 0002:0000008C       dig
 0002:0000009C       TlsIndex
 0002:000000A0       PtrToNil
 0002:000000A4       Module
 0002:000000BC       EmptyStr
 0002:000000C0       EmptyWideStr
 0002:000000C4       Win32Platform
 0002:000000C8       Win32MajorVersion
 0002:000000CC       Win32MinorVersion
 0002:000000D0       Win32BuildNumber
 0002:000000D4       Win32CSDVersion
 0002:000000D8       TwoDigitYearCenturyWindow
 0002:000000DC       MonthDays
 0002:0000010C       LeadBytes
 0002:0000012C       HexDisplayPrefix
 0002:00000130       GetDiskFreeSpaceEx
 0002:00000134       ExitProcList
 0002:00000138       cSimpleBoolStrs
 0002:00000140       AccessMode
 0002:0000014C       ShareMode
 0002:00000160       FormatErrorStrs
 0002:00000168       FCon1E18
 0002:00000174       DCon10
 0002:00000178       CWNear
 0002:0000017C       FMSecsPerDay
 0002:00000180       IMSecsPerDay
 0002:00000184       Format
 0002:00000188       DefShortMonthNames
 0002:000001B8       DefLongMonthNames
 0002:000001E8       DefShortDayNames
 0002:00000204       DefLongDayNames
 0002:00000220       ErrorMap
 0002:00000258       ExceptMap
 0002:00000308       WesternGroups
 0002:0000030C       TerminateProcList
 0002:00000310       CResult
 0002:00000318       NullStrictConvert
 0002:0000031C       NullAsStringValue
 0002:00000320       PackVarCreation
 0002:00000324       BooleanToStringRule
 0002:00000328       CInvalidCustomVariantType
 0002:0000032C       CRangeToType
 0002:00000340       CText
 0002:00000394       CRelationshipToBoolean
 0002:000003A8       BooleanIdents
 0002:000003B0       DotSep
 0002:000003B4       AddDataModule
 0002:000003BC       RemoveDataModule
 0002:000003C4       ApplicationHandleException
 0002:000003CC       ApplicationShowException
 0002:000003D4       WakeMainThread
 0002:000003DC       FilerSignature
 0002:000003E0       NilMethod
 0002:000003E8       SyncList
 0002:000003EC       BlockCode
 0002:000003F0       UtilWindowClass
 0002:00000418       DefFontData
 0002:00000444       DDBsOnly
 0002:00000448       Colors
 0002:000005E8       FontCharsets
 0002:00000678       DefPenData
 0002:00000688       PenStyles
 0002:00000698       DefBrushData
 0002:000006A8       PenModes
 0002:000006C8       ClipboardFormats
 0002:000006CC       FileFormats
 0002:000006D0       BitmapCanvasList
 0002:000006D4       DIBPalSizes
 0002:000006D8       PalSize
 0002:000006DC       Pal16
 0002:0000071C       FPrinter
 0002:00000720       CreationControl
 0002:00000724       WndProcPtrAtom
 0002:00000728       Captions
 0002:0000073C       IconIDs
 0002:00000750       ButtonNames
 0002:0000077C       ButtonCaptions
 0002:000007A8       ModalResults
 0002:000007D4       ColorToPretyName
 0002:0000094C       BitBtnCaptions
 0002:00000978       Values
 0002:00000980       Values
 0002:00000988       MAPIDLL
 0002:0000098C       MAPIModule
 0002:00000990       RTFConversionFormat
 0002:0000099C       TextConversionFormat
 0002:000009A8       ThemeServicesClass
 0002:000009AC       Copyright
 0002:000009B0       ThemeDataNames
 0002:00000A10       BorderStyles
 0002:00000A18       Alignments
 0002:00000A20       WordWraps
 0002:00000A24       WordWraps
 0002:00000A28       ButtonStyles
 0002:00000A30       Styles
 0002:00000A44       Sorteds
 0002:00000A4C       MultiSelects
 0002:00000A54       ExtendSelects
 0002:00000A5C       IntegralHeights
 0002:00000A64       MultiColumns
 0002:00000A6C       TabStops
 0002:00000A74       CSHREDRAW
 0002:00000A7C       Data
 0002:00000A84       AnimateWindowProc
 0002:00000A88       CreationControl
 0002:00000A8C       DefaultDockTreeClass
 0002:00000A90       AnchorAlign
 0002:00000A98       Cursors
 0002:00000B48       CaptureControl
 0002:00000B4C       ShowFlags
 0002:00000B50       WindowPos
 0002:00000B54       InnerStyles
 0002:00000B64       OuterStyles
 0002:00000B74       EdgeStyles
 0002:00000B84       Ctl3DStyles
 0002:00000B8C       AnimationStyle
 0002:00000B98       OrientArray
 0002:00000BA0       MakeLast
 0002:00000BA8       TreeStreamEndFlag
 0002:00000BAC       SizeCursors
 0002:00000BB4       IMM32DLL
 0002:00000BB8       ModeMap
 0002:00000BC0       DrawingStyles
 0002:00000BD0       Images
 0002:00000BD8       Mask
 0002:00000BE0       ValidMenuHotkeys
 0002:00000BE4       cMenuAutoFlagToItem
 0002:00000BE8       cItemAutoFlagToMenu
 0002:00000BEC       cBooleanToItemAutoFlag
 0002:00000BF0       cItemAutoFlagToBoolean
 0002:00000BF4       MenuKeyCaps
 0002:00000C3C       Checks
 0002:00000C44       Enables
 0002:00000C4C       Breaks
 0002:00000C58       Separators
 0002:00000C60       IBreaks
 0002:00000C6C       IChecks
 0002:00000C74       IDefaults
 0002:00000C7C       IEnables
 0002:00000C84       IRadios
 0002:00000C8C       ISeparators
 0002:00000C94       IRTL
 0002:00000C9C       IOwnerDraw
 0002:00000CA4       Alignments
 0002:00000CAC       EdgeStyle
 0002:00000CB4       Alignments
 0002:00000CBC       Flags
 0002:00000CC8       Buttons
 0002:00000CCC       HintWindowClass
 0002:00000CD0       SetLayeredWindowAttributes
 0002:00000CD4       FocusMessages
 0002:00000CD8       FocusCount
 0002:00000CDC       TaskActiveWindow
 0002:00000CE0       TaskFirstWindow
 0002:00000CE4       TaskFirstTopMost
 0002:00000CE8       TaskWindowList
 0002:00000CEC       SysConsts
 0002:00000CF4       SysConsts
 0002:00000CFC       Props
 0002:00000D24       Styles
 0002:00000D30       ShowCommands
 0002:00000D3C       ShowCommands
 0002:00000D48       ShowCommands
 0002:00000D54       cUseAlpha
 0002:00000D5C       cUseColorKey
 0002:00000D64       CursorMap
 0002:00000DB8       WindowClass
 0002:00000DE0       AppVisible
 0002:00000DE4       ShowFlags
 0002:00002000       DispCallByIDProc
 0002:00002004       ExceptProc
 0002:00002008       ErrorProc
 0002:0000200C       ExceptClsProc
 0002:00002010       ExceptObjProc
 0002:00002014       RaiseExceptionProc
 0002:00002018       RTLUnwindProc
 0002:0000201C       ExceptionClass
 0002:00002020       AssertErrorProc
 0002:00002024       ExitProcessProc
 0002:00002028       AbstractErrorProc
 0002:0000202C       MainInstance
 0002:00002030       MainThreadID
 0002:00002034       IsLibrary
 0002:00002038       CmdShow
 0002:0000203C       CmdLine
 0002:00002040       InitProc
 0002:00002044       ExitProc
 0002:00002048       IsConsole
 0002:00002049       IsMultiThread
 0002:0000204A       Test8086
 0002:0000204C       Input
 0002:00002218       Output
 0002:000023E4       ErrOutput
 0002:000025B0       AllocMemCount
 0002:000025B4       AllocMemSize
 0002:000025B8       .5
 0002:000025BC       DefaultUserCodePage
 0002:000025C0       initialized
 0002:000025C4       heapErrorCode
 0002:000025C8       heapLock
 0002:000025E0       blockDescBlockList
 0002:000025E4       blockDescFreeList
 0002:000025E8       spaceRoot
 0002:000025F8       decommittedRoot
 0002:00002608       avail
 0002:00002614       rover
 0002:00002618       remBytes
 0002:0000261C       curAlloc
 0002:00002620       smallTab
 0002:00002624       committedRoot
 0002:00002634       InitContext
 0002:00002660       ModuleIsLib
 0002:00002661       ModuleIsCpp
 0002:00002664       HInstance
 0002:00002668       .1
 0002:0000266C       tlsBuffer
 0002:00002670       .1
 0002:00002674       .3
 0002:00002678       .1
 0002:0000267C       .1
 0002:00002680       CurrencyString
 0002:00002684       CurrencyFormat
 0002:00002685       NegCurrFormat
 0002:00002686       ThousandSeparator
 0002:00002687       DecimalSeparator
 0002:00002688       CurrencyDecimals
 0002:00002689       DateSeparator
 0002:0000268C       ShortDateFormat
 0002:00002690       LongDateFormat
 0002:00002694       TimeSeparator
 0002:00002698       TimeAMString
 0002:0000269C       TimePMString
 0002:000026A0       ShortTimeFormat
 0002:000026A4       LongTimeFormat
 0002:000026A8       ShortMonthNames
 0002:000026D8       LongMonthNames
 0002:00002708       ShortDayNames
 0002:00002724       LongDayNames
 0002:00002740       SysLocale
 0002:0000274E       ListSeparator
 0002:00002750       EraNames
 0002:0000276C       EraYearOffsets
 0002:00002788       TrueBoolStrs
 0002:0000278C       FalseBoolStrs
 0002:00002790       .35
 0002:00002794       OutOfMemory
 0002:00002798       InvalidPointer
 0002:0000279C       FLanguages
 0002:000027A0       VariantChangeTypeEx
 0002:000027A4       VarNeg
 0002:000027A8       VarNot
 0002:000027AC       VarAdd
 0002:000027B0       VarSub
 0002:000027B4       VarMul
 0002:000027B8       VarDiv
 0002:000027BC       VarIDiv
 0002:000027C0       VarMod
 0002:000027C4       VarAnd
 0002:000027C8       VarOr
 0002:000027CC       VarXor
 0002:000027D0       VarCmp
 0002:000027D4       VarI4FromStr
 0002:000027D8       VarR4FromStr
 0002:000027DC       VarR8FromStr
 0002:000027E0       VarDateFromStr
 0002:000027E4       VarCyFromStr
 0002:000027E8       VarBoolFromStr
 0002:000027EC       VarBstrFromCy
 0002:000027F0       VarBstrFromDate
 0002:000027F4       VarBstrFromBool
 0002:000027F8       .5
 0002:000027FC       EmptyParam
 0002:0000280C       VarDispProc
 0002:00002810       ClearAnyProc
 0002:00002814       ChangeAnyProc
 0002:00002818       RefAnyProc
 0002:0000281C       .81
 0002:00002820       LVarTypes
 0002:00002824       LVarTypeSync
 0002:0000283C       .1
 0002:00002840       .6
 0002:00002844       .3
 0002:00002848       GlobalNameSpace
 0002:0000284C       IsUniqueGlobalComponentNameProc
 0002:00002850       SyncEvent
 0002:00002854       .45
 0002:00002858       IntConstList
 0002:0000285C       RegGroups
 0002:00002860       FindGlobalComponentProcs
 0002:00002864       GlobalFixupList
 0002:00002868       ThreadLock
 0002:00002880       InstBlockList
 0002:00002884       InstFreeList
 0002:00002888       .1
 0002:0000288C       SystemPalette16
 0002:00002890       .12
 0002:00002894       ScreenLogPixels
 0002:00002898       StockPen
 0002:0000289C       StockBrush
 0002:000028A0       StockFont
 0002:000028A4       StockIcon
 0002:000028A8       BitmapImageLock
 0002:000028C0       CounterLock
 0002:000028D8       FontManager
 0002:000028DC       PenManager
 0002:000028E0       BrushManager
 0002:000028E4       CanvasList
 0002:000028E8       PatternManager
 0002:000028EC       .2
 0002:000028F0       .21
 0002:000028F4       .1
 0002:000028F8       GetSystemMetrics
 0002:000028FC       MonitorFromWindow
 0002:00002900       MonitorFromRect
 0002:00002904       MonitorFromPoint
 0002:00002908       GetMonitorInfo
 0002:0000290C       GetMonitorInfoA
 0002:00002910       GetMonitorInfoW
 0002:00002914       EnumDisplayMonitors
 0002:00002918       .1
 0002:0000291C       User32Dll
 0002:00002920       InitApis
 0002:00002928       MMAvailable
 0002:0000292C       .1
 0002:00002930       .2
 0002:00002934       HelpManager
 0002:00002938       .3
 0002:0000293C       .3
 0002:00002940       FlatSB_EnableScrollBar
 0002:00002944       FlatSB_ShowScrollBar
 0002:00002948       FlatSB_GetScrollRange
 0002:0000294C       FlatSB_GetScrollInfo
 0002:00002950       FlatSB_GetScrollPos
 0002:00002954       FlatSB_SetScrollPos
 0002:00002958       FlatSB_SetScrollInfo
 0002:0000295C       FlatSB_SetScrollRange
 0002:00002960       .1
 0002:00002964       _FlatSB_GetScrollProp
 0002:00002968       _FlatSB_SetScrollProp
 0002:0000296C       _InitializeFlatSB
 0002:00002970       _UninitializeFlatSB
 0002:00002974       .6
 0002:00002978       OpenThemeData
 0002:0000297C       CloseThemeData
 0002:00002980       DrawThemeBackground
 0002:00002984       DrawThemeText
 0002:00002988       GetThemeBackgroundContentRect
 0002:0000298C       GetThemeBackgroundExtent
 0002:00002990       GetThemePartSize
 0002:00002994       GetThemeTextExtent
 0002:00002998       GetThemeTextMetrics
 0002:0000299C       GetThemeBackgroundRegion
 0002:000029A0       HitTestThemeBackground
 0002:000029A4       DrawThemeEdge
 0002:000029A8       DrawThemeIcon
 0002:000029AC       IsThemePartDefined
 0002:000029B0       IsThemeBackgroundPartiallyTransparent
 0002:000029B4       GetThemeColor
 0002:000029B8       GetThemeMetric
 0002:000029BC       GetThemeString
 0002:000029C0       GetThemeBool
 0002:000029C4       GetThemeInt
 0002:000029C8       GetThemeEnumValue
 0002:000029CC       GetThemePosition
 0002:000029D0       GetThemeFont
 0002:000029D4       GetThemeRect
 0002:000029D8       GetThemeMargins
 0002:000029DC       GetThemeIntList
 0002:000029E0       GetThemePropertyOrigin
 0002:000029E4       SetWindowTheme
 0002:000029E8       GetThemeFilename
 0002:000029EC       GetThemeSysColor
 0002:000029F0       GetThemeSysColorBrush
 0002:000029F4       GetThemeSysBool
 0002:000029F8       GetThemeSysSize
 0002:000029FC       GetThemeSysFont
 0002:00002A00       GetThemeSysString
 0002:00002A04       GetThemeSysInt
 0002:00002A08       IsThemeActive
 0002:00002A0C       IsAppThemed
 0002:00002A10       GetWindowTheme
 0002:00002A14       EnableThemeDialogTexture
 0002:00002A18       IsThemeDialogTextureEnabled
 0002:00002A1C       GetThemeAppProperties
 0002:00002A20       SetThemeAppProperties
 0002:00002A24       GetCurrentThemeName
 0002:00002A28       GetThemeDocumentationProperty
 0002:00002A2C       DrawThemeParentBackground
 0002:00002A30       EnableTheming
 0002:00002A34       .1
 0002:00002A38       ThemeLibrary
 0002:00002A3C       ReferenceCount
 0002:00002A40       Lock
 0002:00002A44       .1
 0002:00002A48       .4
 0002:00002A4C       .1
 0002:00002A50       .1
 0002:00002A54       .1
 0002:00002A58       .1
 0002:00002A5C       .1
 0002:00002A60       .1
 0002:00002A64       .1
 0002:00002A68       .11
 0002:00002A6C       HelpMsg
 0002:00002A70       FindMsg
 0002:00002A74       ButtonWidths
 0002:00002AA0       .12
 0002:00002AA4       .1
 0002:00002AA8       CF_PICTURE
 0002:00002AAA       CF_COMPONENT
 0002:00002AAC       .2
 0002:00002AB0       FClipboard
 0002:00002AB4       .1
 0002:00002AB8       .4
 0002:00002ABC       BitBtnGlyphs
 0002:00002AE8       .3
 0002:00002AEC       .8
 0002:00002AF0       .5
 0002:00002AF4       .1
 0002:00002AF8       .72
 0002:00002AFC       UrlMonHandle
 0002:00002B00       UrlMonInitialized
 0002:00002B04       .8
 0002:00002B08       .36
 0002:00002B0C       ShellModule
 0002:00002B10       FRichEditModule
 0002:00002B14       ComCtlVersion
 0002:00002B18       .2
 0002:00002B1C       InternalServices
 0002:00002B20       .42
 0002:00002B24       .73
 0002:00002B28       WinHelpTester
 0002:00002B2C       ViewerName
 0002:00002B30       .1
 0002:00002B34       HelpViewer
 0002:00002B38       HelpViewerIntf
 0002:00002B3C       Mouse
 0002:00002B40       NewStyleControls
 0002:00002B44       .72
 0002:00002B48       WindowAtom
 0002:00002B4A       ControlAtom
 0002:00002B4C       WindowAtomString
 0002:00002B50       ControlAtomString
 0002:00002B54       RM_GetObjectInstance
 0002:00002B58       DragControl
 0002:00002B5C       DragObject
 0002:00002B60       DragInternalObject
 0002:00002B64       DragCapture
 0002:00002B68       DragStartPos
 0002:00002B70       DragSaveCursor
 0002:00002B74       DragThreshold
 0002:00002B78       ActiveDrag
 0002:00002B7C       DragImageList
 0002:00002B80       DockSiteList
 0002:00002B84       QualifyingSites
 0002:00002B88       DragSave
 0002:00002B8C       CanvasList
 0002:00002B90       _WINNLSEnableIME
 0002:00002B94       _ImmGetContext
 0002:00002B98       _ImmReleaseContext
 0002:00002B9C       _ImmGetConversionStatus
 0002:00002BA0       _ImmSetConversionStatus
 0002:00002BA4       _ImmSetOpenStatus
 0002:00002BA8       _ImmSetCompositionWindow
 0002:00002BAC       _ImmSetCompositionFont
 0002:00002BB0       _ImmGetCompositionString
 0002:00002BB4       _ImmIsIME
 0002:00002BB8       _ImmNotifyIME
 0002:00002BBC       .8
 0002:00002BC0       .3
 0002:00002BC4       CachedComCtrlVer
 0002:00002BC8       ImageListWriteExProc
 0002:00002BCC       PopupList
 0002:00002BD0       ShortCutItems
 0002:00002BD4       .9
 0002:00002BD8       CommandPool
 0002:00002BDC       Application
 0002:00002BE0       Screen
 0002:00002BE4       .41
 0002:00002BE8       RM_TaskbarCreated
 0002:00002BEC       HintThreadID
 0002:00002BF0       HintDoneEvent
 0002:00002BF4       HintHook
 0002:00002BF8       HintThread
 0002:00002BFC       .1
 0002:00002C00       .1
 0002:00002C04       .5
 0002:00002C08       .4
 0002:00002C0C       .1
 0002:00002C10       Form1
 0002:00002C14       _messageboxa
 0002:00002C18       .2


Line numbers for JwaWinDLLNames(JwaWinDLLNames.pas) segment .text

   172 0001:000542A4   172 0001:000542AB

Line numbers for JwaWinNT(JwaWinNT.pas) segment .text

  9740 0001:000542DC  9740 0001:000542E3

Line numbers for JwaWinType(JwaWinType.pas) segment .text

  1929 0001:00054314  1929 0001:0005431B

Line numbers for JwaTlHelp32(JwaTlHelp32.pas) segment .text

   694 0001:0005431C   723 0001:00054324   733 0001:0005432C   746 0001:00054364
   746 0001:0005436B

Line numbers for ufrmMain(ufrmMain.pas) segment .text

    66 0001:0005455C    67 0001:00054571    71 0001:00054575    73 0001:00054585
    76 0001:0005458F    78 0001:00054593    79 0001:000545A1    74 0001:000545A4
    81 0001:000545AB    82 0001:000545B1    85 0001:000545B8    86 0001:000545BA
    87 0001:000545C6    93 0001:000545CA    95 0001:000545DE    96 0001:000545E3
    97 0001:000545F9    98 0001:00054603   100 0001:00054605    83 0001:00054608
   102 0001:00054610   111 0001:0005461C   113 0001:0005461F   115 0001:00054637
   121 0001:00054650   122 0001:000546A7   124 0001:000546AB   125 0001:000546CA
   126 0001:000546D2   127 0001:000546E2   129 0001:000546FE   130 0001:0005470C
   131 0001:0005471C   132 0001:00054726   134 0001:00054736   135 0001:00054752
   136 0001:000547BD   138 0001:00054826   140 0001:0005484B   142 0001:0005485B
   143 0001:00054894   150 0001:000548F0   151 0001:00054922   153 0001:00054924
   154 0001:00054943   155 0001:0005494B   156 0001:0005495B   157 0001:00054965
   158 0001:00054973   159 0001:00054983   161 0001:0005498D   163 0001:0005499D
   164 0001:000549B5   166 0001:000549D6   168 0001:000549E6   169 0001:00054A0C
   174 0001:00054A14   175 0001:00054A22   176 0001:00054A3C   177 0001:00054A50
   180 0001:00054A5E   186 0001:00054AB4   187 0001:00054AC7   193 0001:00054AD0
   196 0001:00054AE4   198 0001:00054B40   198 0001:00054B47

Line numbers for Project1(C:\Users\erwan\Documents\-= SOURCES =-\delphi\system\redirect_iat\redirect_iat.dpr) segment .text

    12 0001:00054D78    13 0001:00054D88    14 0001:00054D94    15 0001:00054DAC
    16 0001:00054DB8

Bound resource files

c:\program files (x86)\borland\delphi7\Lib\Buttons.res
c:\program files (x86)\borland\delphi7\Lib\ExtDlgs.res
c:\program files (x86)\borland\delphi7\Lib\Controls.res
ufrmMain.dfm
Project1.drf


Program entry point at 0001:00054D78
